new:173:33:void* operator new(std::size_t, void*)	16	static
predefined_ops.h:48:3:constexpr __gnu_cxx::__ops::_Iter_less_iter __gnu_cxx::__ops::__iter_less_iter()	4	static
char_traits.h:315:7:static int std::char_traits<char>::compare(const char_type*, const char_type*, std::size_t)	24	static
gthr-default.h:229:1:int __gthread_key_delete(__gthread_key_t)	16	static
stl_tree.h:173:5:std::_Rb_tree_header::_Rb_tree_header()	16	static
stl_tree.h:206:5:void std::_Rb_tree_header::_M_reset()	16	static
stl_tree.h:673:9:std::_Rb_tree<std::__cxx11::basic_string<char>, std::pair<const std::__cxx11::basic_string<char>, int>, std::_Select1st<std::pair<const std::__cxx11::basic_string<char>, int> >, std::less<std::__cxx11::basic_string<char> >, std::allocator<std::pair<const std::__cxx11::basic_string<char>, int> > >::_Rb_tree_impl<std::less<std::__cxx11::basic_string<char> >, true>::~_Rb_tree_impl()	16	static
stl_tree.h:939:7:std::_Rb_tree<_Key, _Val, _KeyOfValue, _Compare, _Alloc>::_Rb_tree() [with _Key = std::__cxx11::basic_string<char>; _Val = std::pair<const std::__cxx11::basic_string<char>, int>; _KeyOfValue = std::_Select1st<std::pair<const std::__cxx11::basic_string<char>, int> >; _Compare = std::less<std::__cxx11::basic_string<char> >; _Alloc = std::allocator<std::pair<const std::__cxx11::basic_string<char>, int> >]	16	static
stl_map.h:183:7:std::map<_Key, _Tp, _Compare, _Alloc>::map() [with _Key = std::__cxx11::basic_string<char>; _Tp = int; _Compare = std::less<std::__cxx11::basic_string<char> >; _Alloc = std::allocator<std::pair<const std::__cxx11::basic_string<char>, int> >]	16	static
stl_map.h:300:7:std::map<_Key, _Tp, _Compare, _Alloc>::~map() [with _Key = std::__cxx11::basic_string<char>; _Tp = int; _Compare = std::less<std::__cxx11::basic_string<char> >; _Alloc = std::allocator<std::pair<const std::__cxx11::basic_string<char>, int> >]	16	static
decisiontree.cpp:15:8:void Table::extractAttrValue()	64	static
stl_vector.h:125:14:std::_Vector_base<int, std::allocator<int> >::_Vector_impl::~_Vector_impl()	16	static
stl_vector.h:285:7:std::_Vector_base<_Tp, _Alloc>::_Vector_base() [with _Tp = int; _Alloc = std::allocator<int>]	16	static
stl_vector.h:484:7:std::vector<_Tp, _Alloc>::vector() [with _Tp = int; _Alloc = std::allocator<int>]	16	static
decisiontree.cpp:41:3:Node::Node()	16	static
stl_vector.h:125:14:std::_Vector_base<std::__cxx11::basic_string<char>, std::allocator<std::__cxx11::basic_string<char> > >::_Vector_impl::~_Vector_impl()	16	static
stl_vector.h:285:7:std::_Vector_base<_Tp, _Alloc>::_Vector_base() [with _Tp = std::__cxx11::basic_string<char>; _Alloc = std::allocator<std::__cxx11::basic_string<char> >]	16	static
stl_vector.h:484:7:std::vector<_Tp, _Alloc>::vector() [with _Tp = std::__cxx11::basic_string<char>; _Alloc = std::allocator<std::__cxx11::basic_string<char> >]	16	static
stl_vector.h:125:14:std::_Vector_base<std::vector<std::__cxx11::basic_string<char> >, std::allocator<std::vector<std::__cxx11::basic_string<char> > > >::_Vector_impl::~_Vector_impl()	16	static
stl_vector.h:285:7:std::_Vector_base<_Tp, _Alloc>::_Vector_base() [with _Tp = std::vector<std::__cxx11::basic_string<char> >; _Alloc = std::allocator<std::vector<std::__cxx11::basic_string<char> > >]	16	static
stl_vector.h:484:7:std::vector<_Tp, _Alloc>::vector() [with _Tp = std::vector<std::__cxx11::basic_string<char> >; _Alloc = std::allocator<std::vector<std::__cxx11::basic_string<char> > >]	16	static
decisiontree.cpp:9:7:Table::Table()	16	static
decisiontree.cpp:9:7:Table::~Table()	16	static
stl_vector.h:285:7:std::_Vector_base<_Tp, _Alloc>::_Vector_base() [with _Tp = Node; _Alloc = std::allocator<Node>]	16	static
stl_vector.h:484:7:std::vector<_Tp, _Alloc>::vector() [with _Tp = Node; _Alloc = std::allocator<Node>]	16	static
decisiontree.cpp:9:7:Table& Table::operator=(const Table&)	16	static
decisiontree.cpp:30:7:Node::~Node()	16	static
decisiontree.cpp:9:7:Table::Table(const Table&)	16	static
decisiontree.cpp:51:3:DecisionTree::DecisionTree(Table)	152	static
decisiontree.cpp:64:10:std::string DecisionTree::guess(std::vector<std::__cxx11::basic_string<char> >)	64	static
decisiontree.cpp:74:7:int DecisionTree::dfs(std::vector<std::__cxx11::basic_string<char> >&, int)	48	static
stl_tree.h:673:9:std::_Rb_tree<std::__cxx11::basic_string<char>, std::pair<const std::__cxx11::basic_string<char>, std::vector<int> >, std::_Select1st<std::pair<const std::__cxx11::basic_string<char>, std::vector<int> > >, std::less<std::__cxx11::basic_string<char> >, std::allocator<std::pair<const std::__cxx11::basic_string<char>, std::vector<int> > > >::_Rb_tree_impl<std::less<std::__cxx11::basic_string<char> >, true>::~_Rb_tree_impl()	16	static
stl_tree.h:939:7:std::_Rb_tree<_Key, _Val, _KeyOfValue, _Compare, _Alloc>::_Rb_tree() [with _Key = std::__cxx11::basic_string<char>; _Val = std::pair<const std::__cxx11::basic_string<char>, std::vector<int> >; _KeyOfValue = std::_Select1st<std::pair<const std::__cxx11::basic_string<char>, std::vector<int> > >; _Compare = std::less<std::__cxx11::basic_string<char> >; _Alloc = std::allocator<std::pair<const std::__cxx11::basic_string<char>, std::vector<int> > >]	16	static
stl_map.h:183:7:std::map<_Key, _Tp, _Compare, _Alloc>::map() [with _Key = std::__cxx11::basic_string<char>; _Tp = std::vector<int>; _Compare = std::less<std::__cxx11::basic_string<char> >; _Alloc = std::allocator<std::pair<const std::__cxx11::basic_string<char>, std::vector<int> > >]	16	static
stl_map.h:300:7:std::map<_Key, _Tp, _Compare, _Alloc>::~map() [with _Key = std::__cxx11::basic_string<char>; _Tp = std::vector<int>; _Compare = std::less<std::__cxx11::basic_string<char> >; _Alloc = std::allocator<std::pair<const std::__cxx11::basic_string<char>, std::vector<int> > >]	16	static
stl_pair.h:208:12:std::pair<std::__cxx11::basic_string<char>, int>::~pair()	16	static
decisiontree.cpp:30:7:Node& Node::operator=(const Node&)	16	static
decisiontree.cpp:91:8:void DecisionTree::run(Table, int)	456	static
decisiontree.cpp:149:21:std::pair<std::__cxx11::basic_string<char>, int> DecisionTree::getMajorityLabel(Table)	88	static
decisiontree.cpp:167:8:bool DecisionTree::isLeafNode(Table)	32	static
decisiontree.cpp:176:7:int DecisionTree::getSelectedAttribute(Table)	120	static
decisiontree.cpp:191:10:double DecisionTree::getGainRatio(Table, int)	104	static
decisiontree.cpp:195:10:double DecisionTree::getInfoD(Table)	88	static
decisiontree.cpp:214:10:double DecisionTree::getInfoAttrD(Table, int)	160	static
decisiontree.cpp:236:10:double DecisionTree::getGain(Table, int)	104	static
decisiontree.cpp:240:10:double DecisionTree::getSplitInfoAttrD(Table, int)	152	static
decisiontree.cpp:267:8:void DecisionTree::printTree(int, std::string)	184	static
main3.cpp:81:6:void HAL_UART_RxCpltCallback(UART_HandleTypeDef*)	16	static
main3.cpp:105:7:int send(const char*)	544	static
main3.cpp:149:7:int receiev(char*)	40	static
main3.cpp:195:8:void receievCPP(char*)	136	static
main3.cpp:245:10:char* TableToString(Table)	152	static
main3.cpp:301:8:void SplitStringH(std::string, std::vector<std::__cxx11::basic_string<char> >&)	48	static
main3.cpp:319:8:void SplitStringD(std::string, std::vector<std::__cxx11::basic_string<char> >&)	48	static
main3.cpp:337:8:void SplitStringS(std::string, std::vector<std::__cxx11::basic_string<char> >&)	48	static
stl_vector.h:305:7:std::_Vector_base<_Tp, _Alloc>::_Vector_base(std::_Vector_base<_Tp, _Alloc>&&) [with _Tp = std::__cxx11::basic_string<char>; _Alloc = std::allocator<std::__cxx11::basic_string<char> >]	16	static
stl_vector.h:569:7:std::vector<_Tp, _Alloc>::vector(std::vector<_Tp, _Alloc>&&) [with _Tp = std::__cxx11::basic_string<char>; _Alloc = std::allocator<std::__cxx11::basic_string<char> >]	16	static
main3.cpp:356:9:Table StringToTable(char*)	344	static
stl_vector.h:125:14:std::_Vector_base<Table, std::allocator<Table> >::_Vector_impl::~_Vector_impl()	16	static
stl_vector.h:285:7:std::_Vector_base<_Tp, _Alloc>::_Vector_base() [with _Tp = Table; _Alloc = std::allocator<Table>]	16	static
stl_vector.h:484:7:std::vector<_Tp, _Alloc>::vector() [with _Tp = Table; _Alloc = std::allocator<Table>]	16	static
alloc_traits.h:112:27:static constexpr bool __gnu_cxx::__alloc_traits<_Alloc, <template-parameter-1-2> >::_S_always_equal() [with _Alloc = std::allocator<std::__cxx11::basic_string<char> >; <template-parameter-1-2> = std::__cxx11::basic_string<char>]	4	static
alloc_traits.h:112:27:static constexpr bool __gnu_cxx::__alloc_traits<_Alloc, <template-parameter-1-2> >::_S_always_equal() [with _Alloc = std::allocator<std::vector<std::__cxx11::basic_string<char> > >; <template-parameter-1-2> = std::vector<std::__cxx11::basic_string<char> >]	4	static
decisiontree.cpp:9:7:Table& Table::operator=(Table&&)	16	static
main3.cpp:401:5:int main()	1808	static
main3.cpp:579:6:void SystemClock_Config()	88	static
main3.cpp:619:13:void MX_USART2_UART_Init()	8	static
main3.cpp:652:13:void MX_GPIO_Init()	40	static
main3.cpp:680:6:void Error_Handler()	4	static,ignoring_inline_asm
stl_vector.h:915:7:std::vector<_Tp, _Alloc>::size_type std::vector<_Tp, _Alloc>::size() const [with _Tp = std::__cxx11::basic_string<char>; _Alloc = std::allocator<std::__cxx11::basic_string<char> >]	16	static
stl_vector.h:934:7:void std::vector<_Tp, _Alloc>::resize(std::vector<_Tp, _Alloc>::size_type) [with _Tp = std::vector<std::__cxx11::basic_string<char> >; _Alloc = std::allocator<std::vector<std::__cxx11::basic_string<char> > >]	16	static
stl_tree.h:680:4:std::_Rb_tree<_Key, _Val, _KeyOfValue, _Compare, _Alloc>::_Rb_tree_impl<_Key_compare, <anonymous> >::_Rb_tree_impl() [with _Key_compare = std::less<std::__cxx11::basic_string<char> >; bool <anonymous> = true; _Key = std::__cxx11::basic_string<char>; _Val = std::pair<const std::__cxx11::basic_string<char>, int>; _KeyOfValue = std::_Select1st<std::pair<const std::__cxx11::basic_string<char>, int> >; _Compare = std::less<std::__cxx11::basic_string<char> >; _Alloc = std::allocator<std::pair<const std::__cxx11::basic_string<char>, int> >]	16	static
allocator.h:153:7:std::allocator< <template-parameter-1-1> >::~allocator() [with _Tp = std::_Rb_tree_node<std::pair<const std::__cxx11::basic_string<char>, int> >]	16	static
stl_tree.h:994:7:std::_Rb_tree<_Key, _Val, _KeyOfValue, _Compare, _Alloc>::~_Rb_tree() [with _Key = std::__cxx11::basic_string<char>; _Val = std::pair<const std::__cxx11::basic_string<char>, int>; _KeyOfValue = std::_Select1st<std::pair<const std::__cxx11::basic_string<char>, int> >; _Compare = std::less<std::__cxx11::basic_string<char> >; _Alloc = std::allocator<std::pair<const std::__cxx11::basic_string<char>, int> >]	16	static
stl_vector.h:915:7:std::vector<_Tp, _Alloc>::size_type std::vector<_Tp, _Alloc>::size() const [with _Tp = std::vector<std::__cxx11::basic_string<char> >; _Alloc = std::allocator<std::vector<std::__cxx11::basic_string<char> > >]	16	static
stl_vector.h:1040:7:std::vector<_Tp, _Alloc>::reference std::vector<_Tp, _Alloc>::operator[](std::vector<_Tp, _Alloc>::size_type) [with _Tp = std::vector<std::__cxx11::basic_string<char> >; _Alloc = std::allocator<std::vector<std::__cxx11::basic_string<char> > >]	16	static
stl_vector.h:1040:7:std::vector<_Tp, _Alloc>::reference std::vector<_Tp, _Alloc>::operator[](std::vector<_Tp, _Alloc>::size_type) [with _Tp = std::__cxx11::basic_string<char>; _Alloc = std::allocator<std::__cxx11::basic_string<char> >]	16	static
stl_map.h:490:7:std::map<_Key, _Tp, _Compare, _Alloc>::mapped_type& std::map<_Key, _Tp, _Compare, _Alloc>::operator[](const key_type&) [with _Key = std::__cxx11::basic_string<char>; _Tp = int; _Compare = std::less<std::__cxx11::basic_string<char> >; _Alloc = std::allocator<std::pair<const std::__cxx11::basic_string<char>, int> >]	56	static
stl_map.h:354:7:std::map<_Key, _Tp, _Compare, _Alloc>::iterator std::map<_Key, _Tp, _Compare, _Alloc>::begin() [with _Key = std::__cxx11::basic_string<char>; _Tp = int; _Compare = std::less<std::__cxx11::basic_string<char> >; _Alloc = std::allocator<std::pair<const std::__cxx11::basic_string<char>, int> >]	16	static
stl_map.h:372:7:std::map<_Key, _Tp, _Compare, _Alloc>::iterator std::map<_Key, _Tp, _Compare, _Alloc>::end() [with _Key = std::__cxx11::basic_string<char>; _Tp = int; _Compare = std::less<std::__cxx11::basic_string<char> >; _Alloc = std::allocator<std::pair<const std::__cxx11::basic_string<char>, int> >]	16	static
stl_tree.h:319:7:bool std::operator!=(const _Self&, const _Self&)	16	static
stl_tree.h:292:7:std::_Rb_tree_iterator<_Tp>::_Self std::_Rb_tree_iterator<_Tp>::operator++(int) [with _Tp = std::pair<const std::__cxx11::basic_string<char>, int>]	24	static
stl_tree.h:281:7:_Tp* std::_Rb_tree_iterator<_Tp>::operator->() const [with _Tp = std::pair<const std::__cxx11::basic_string<char>, int>]	16	static
stl_vector.h:1184:7:void std::vector<_Tp, _Alloc>::push_back(const value_type&) [with _Tp = std::__cxx11::basic_string<char>; _Alloc = std::allocator<std::__cxx11::basic_string<char> >]	16	static
stl_vector.h:128:2:std::_Vector_base<_Tp, _Alloc>::_Vector_impl::_Vector_impl() [with _Tp = int; _Alloc = std::allocator<int>]	16	static
allocator.h:153:7:std::allocator< <template-parameter-1-1> >::~allocator() [with _Tp = int]	16	static
stl_vector.h:330:7:std::_Vector_base<_Tp, _Alloc>::~_Vector_base() [with _Tp = int; _Alloc = std::allocator<int>]	16	static
stl_vector.h:675:7:std::vector<_Tp, _Alloc>::~vector() [with _Tp = int; _Alloc = std::allocator<int>]	24	static
stl_vector.h:128:2:std::_Vector_base<_Tp, _Alloc>::_Vector_impl::_Vector_impl() [with _Tp = std::__cxx11::basic_string<char>; _Alloc = std::allocator<std::__cxx11::basic_string<char> >]	16	static
allocator.h:153:7:std::allocator< <template-parameter-1-1> >::~allocator() [with _Tp = std::__cxx11::basic_string<char>]	16	static
stl_vector.h:330:7:std::_Vector_base<_Tp, _Alloc>::~_Vector_base() [with _Tp = std::__cxx11::basic_string<char>; _Alloc = std::allocator<std::__cxx11::basic_string<char> >]	16	static
stl_vector.h:675:7:std::vector<_Tp, _Alloc>::~vector() [with _Tp = std::__cxx11::basic_string<char>; _Alloc = std::allocator<std::__cxx11::basic_string<char> >]	24	static
stl_vector.h:128:2:std::_Vector_base<_Tp, _Alloc>::_Vector_impl::_Vector_impl() [with _Tp = std::vector<std::__cxx11::basic_string<char> >; _Alloc = std::allocator<std::vector<std::__cxx11::basic_string<char> > >]	16	static
allocator.h:153:7:std::allocator< <template-parameter-1-1> >::~allocator() [with _Tp = std::vector<std::__cxx11::basic_string<char> >]	16	static
stl_vector.h:330:7:std::_Vector_base<_Tp, _Alloc>::~_Vector_base() [with _Tp = std::vector<std::__cxx11::basic_string<char> >; _Alloc = std::allocator<std::vector<std::__cxx11::basic_string<char> > >]	16	static
stl_vector.h:675:7:std::vector<_Tp, _Alloc>::~vector() [with _Tp = std::vector<std::__cxx11::basic_string<char> >; _Alloc = std::allocator<std::vector<std::__cxx11::basic_string<char> > >]	24	static
stl_vector.h:128:2:std::_Vector_base<_Tp, _Alloc>::_Vector_impl::_Vector_impl() [with _Tp = Node; _Alloc = std::allocator<Node>]	16	static
alloc_traits.h:103:27:static constexpr bool __gnu_cxx::__alloc_traits<_Alloc, <template-parameter-1-2> >::_S_propagate_on_copy_assign() [with _Alloc = std::allocator<std::__cxx11::basic_string<char> >; <template-parameter-1-2> = std::__cxx11::basic_string<char>]	4	static
vector.tcc:198:5:std::vector<_Tp, _Alloc>& std::vector<_Tp, _Alloc>::operator=(const std::vector<_Tp, _Alloc>&) [with _Tp = std::__cxx11::basic_string<char>; _Alloc = std::allocator<std::__cxx11::basic_string<char> >]	40	static
alloc_traits.h:103:27:static constexpr bool __gnu_cxx::__alloc_traits<_Alloc, <template-parameter-1-2> >::_S_propagate_on_copy_assign() [with _Alloc = std::allocator<std::vector<std::__cxx11::basic_string<char> > >; <template-parameter-1-2> = std::vector<std::__cxx11::basic_string<char> >]	4	static
vector.tcc:198:5:std::vector<_Tp, _Alloc>& std::vector<_Tp, _Alloc>::operator=(const std::vector<_Tp, _Alloc>&) [with _Tp = std::vector<std::__cxx11::basic_string<char> >; _Alloc = std::allocator<std::vector<std::__cxx11::basic_string<char> > >]	40	static
stl_vector.h:1184:7:void std::vector<_Tp, _Alloc>::push_back(const value_type&) [with _Tp = Node; _Alloc = std::allocator<Node>]	16	static
stl_vector.h:550:7:std::vector<_Tp, _Alloc>::vector(const std::vector<_Tp, _Alloc>&) [with _Tp = std::__cxx11::basic_string<char>; _Alloc = std::allocator<std::__cxx11::basic_string<char> >]	40	static
stl_vector.h:550:7:std::vector<_Tp, _Alloc>::vector(const std::vector<_Tp, _Alloc>&) [with _Tp = std::vector<std::__cxx11::basic_string<char> >; _Alloc = std::allocator<std::vector<std::__cxx11::basic_string<char> > >]	40	static
stl_vector.h:1040:7:std::vector<_Tp, _Alloc>::reference std::vector<_Tp, _Alloc>::operator[](std::vector<_Tp, _Alloc>::size_type) [with _Tp = Node; _Alloc = std::allocator<Node>]	16	static
stl_vector.h:915:7:std::vector<_Tp, _Alloc>::size_type std::vector<_Tp, _Alloc>::size() const [with _Tp = int; _Alloc = std::allocator<int>]	16	static
stl_vector.h:1040:7:std::vector<_Tp, _Alloc>::reference std::vector<_Tp, _Alloc>::operator[](std::vector<_Tp, _Alloc>::size_type) [with _Tp = int; _Alloc = std::allocator<int>]	16	static
basic_string.h:6149:5:typename __gnu_cxx::__enable_if<std::__is_char<_Tp>::__value, bool>::__type std::operator==(const std::__cxx11::basic_string<_CharT>&, const std::__cxx11::basic_string<_CharT>&) [with _CharT = char]	24	static
stl_vector.h:1140:7:std::vector<_Tp, _Alloc>::reference std::vector<_Tp, _Alloc>::back() [with _Tp = std::vector<std::__cxx11::basic_string<char> >; _Alloc = std::allocator<std::vector<std::__cxx11::basic_string<char> > >]	24	static
stl_vector.h:1140:7:std::vector<_Tp, _Alloc>::reference std::vector<_Tp, _Alloc>::back() [with _Tp = std::__cxx11::basic_string<char>; _Alloc = std::allocator<std::__cxx11::basic_string<char> >]	24	static
stl_tree.h:680:4:std::_Rb_tree<_Key, _Val, _KeyOfValue, _Compare, _Alloc>::_Rb_tree_impl<_Key_compare, <anonymous> >::_Rb_tree_impl() [with _Key_compare = std::less<std::__cxx11::basic_string<char> >; bool <anonymous> = true; _Key = std::__cxx11::basic_string<char>; _Val = std::pair<const std::__cxx11::basic_string<char>, std::vector<int> >; _KeyOfValue = std::_Select1st<std::pair<const std::__cxx11::basic_string<char>, std::vector<int> > >; _Compare = std::less<std::__cxx11::basic_string<char> >; _Alloc = std::allocator<std::pair<const std::__cxx11::basic_string<char>, std::vector<int> > >]	16	static
allocator.h:153:7:std::allocator< <template-parameter-1-1> >::~allocator() [with _Tp = std::_Rb_tree_node<std::pair<const std::__cxx11::basic_string<char>, std::vector<int> > >]	16	static
stl_tree.h:994:7:std::_Rb_tree<_Key, _Val, _KeyOfValue, _Compare, _Alloc>::~_Rb_tree() [with _Key = std::__cxx11::basic_string<char>; _Val = std::pair<const std::__cxx11::basic_string<char>, std::vector<int> >; _KeyOfValue = std::_Select1st<std::pair<const std::__cxx11::basic_string<char>, std::vector<int> > >; _Compare = std::less<std::__cxx11::basic_string<char> >; _Alloc = std::allocator<std::pair<const std::__cxx11::basic_string<char>, std::vector<int> > >]	16	static
stl_map.h:490:7:std::map<_Key, _Tp, _Compare, _Alloc>::mapped_type& std::map<_Key, _Tp, _Compare, _Alloc>::operator[](const key_type&) [with _Key = std::__cxx11::basic_string<char>; _Tp = std::vector<int>; _Compare = std::less<std::__cxx11::basic_string<char> >; _Alloc = std::allocator<std::pair<const std::__cxx11::basic_string<char>, std::vector<int> > >]	56	static
stl_vector.h:1184:7:void std::vector<_Tp, _Alloc>::push_back(const value_type&) [with _Tp = int; _Alloc = std::allocator<int>]	16	static
stl_vector.h:550:7:std::vector<_Tp, _Alloc>::vector(const std::vector<_Tp, _Alloc>&) [with _Tp = int; _Alloc = std::allocator<int>]	40	static
stl_vector.h:1184:7:void std::vector<_Tp, _Alloc>::push_back(const value_type&) [with _Tp = std::vector<std::__cxx11::basic_string<char> >; _Alloc = std::allocator<std::vector<std::__cxx11::basic_string<char> > >]	16	static
stl_vector.h:915:7:std::vector<_Tp, _Alloc>::size_type std::vector<_Tp, _Alloc>::size() const [with _Tp = Node; _Alloc = std::allocator<Node>]	16	static
alloc_traits.h:103:27:static constexpr bool __gnu_cxx::__alloc_traits<_Alloc, <template-parameter-1-2> >::_S_propagate_on_copy_assign() [with _Alloc = std::allocator<int>; <template-parameter-1-2> = int]	4	static
alloc_traits.h:112:27:static constexpr bool __gnu_cxx::__alloc_traits<_Alloc, <template-parameter-1-2> >::_S_always_equal() [with _Alloc = std::allocator<int>; <template-parameter-1-2> = int]	4	static
vector.tcc:198:5:std::vector<_Tp, _Alloc>& std::vector<_Tp, _Alloc>::operator=(const std::vector<_Tp, _Alloc>&) [with _Tp = int; _Alloc = std::allocator<int>]	40	static
stl_pair.h:341:12:constexpr std::pair<_T1, _T2>::pair(_U1&&, _U2&&) [with _U1 = std::__cxx11::basic_string<char>&; _U2 = int&; typename std::enable_if<(std::_PCC<true, _T1, _T2>::_MoveConstructiblePair<_U1, _U2>() && std::_PCC<true, _T1, _T2>::_ImplicitlyMoveConvertiblePair<_U1, _U2>()), bool>::type <anonymous> = true; _T1 = std::__cxx11::basic_string<char>; _T2 = int]	32	static
basic_string.h:6188:5:bool std::operator!=(const std::__cxx11::basic_string<_CharT, _Traits, _Alloc>&, const std::__cxx11::basic_string<_CharT, _Traits, _Alloc>&) [with _CharT = char; _Traits = std::char_traits<char>; _Alloc = std::allocator<char>]	16	static
cmath:350:5:constexpr typename __gnu_cxx::__enable_if<std::__is_integer<_Tp>::__value, double>::__type std::log(_Tp) [with _Tp = int]	16	static
stl_map.h:354:7:std::map<_Key, _Tp, _Compare, _Alloc>::iterator std::map<_Key, _Tp, _Compare, _Alloc>::begin() [with _Key = std::__cxx11::basic_string<char>; _Tp = std::vector<int>; _Compare = std::less<std::__cxx11::basic_string<char> >; _Alloc = std::allocator<std::pair<const std::__cxx11::basic_string<char>, std::vector<int> > >]	16	static
stl_map.h:372:7:std::map<_Key, _Tp, _Compare, _Alloc>::iterator std::map<_Key, _Tp, _Compare, _Alloc>::end() [with _Key = std::__cxx11::basic_string<char>; _Tp = std::vector<int>; _Compare = std::less<std::__cxx11::basic_string<char> >; _Alloc = std::allocator<std::pair<const std::__cxx11::basic_string<char>, std::vector<int> > >]	16	static
stl_tree.h:319:7:bool std::operator!=(const _Self&, const _Self&)	16	static
stl_tree.h:292:7:std::_Rb_tree_iterator<_Tp>::_Self std::_Rb_tree_iterator<_Tp>::operator++(int) [with _Tp = std::pair<const std::__cxx11::basic_string<char>, std::vector<int> >]	24	static
stl_tree.h:281:7:_Tp* std::_Rb_tree_iterator<_Tp>::operator->() const [with _Tp = std::pair<const std::__cxx11::basic_string<char>, std::vector<int> >]	16	static
basic_string.h:6020:5:std::__cxx11::basic_string<_CharT, _Traits, _Alloc> std::operator+(const std::__cxx11::basic_string<_CharT, _Traits, _Alloc>&, const std::__cxx11::basic_string<_CharT, _Traits, _Alloc>&) [with _CharT = char; _Traits = std::char_traits<char>; _Alloc = std::allocator<char>]	24	static
basic_string.h:6121:5:std::__cxx11::basic_string<_CharT, _Traits, _Alloc> std::operator+(std::__cxx11::basic_string<_CharT, _Traits, _Alloc>&&, const _CharT*) [with _CharT = char; _Traits = std::char_traits<char>; _Alloc = std::allocator<char>]	24	static
basic_string.h:6085:5:std::__cxx11::basic_string<_CharT, _Traits, _Alloc> std::operator+(std::__cxx11::basic_string<_CharT, _Traits, _Alloc>&&, const std::__cxx11::basic_string<_CharT, _Traits, _Alloc>&) [with _CharT = char; _Traits = std::char_traits<char>; _Alloc = std::allocator<char>]	24	static
stl_vector.h:140:2:std::_Vector_base<_Tp, _Alloc>::_Vector_impl::_Vector_impl(std::_Vector_base<_Tp, _Alloc>::_Vector_impl&&) [with _Tp = std::__cxx11::basic_string<char>; _Alloc = std::allocator<std::__cxx11::basic_string<char> >]	24	static
stl_vector.h:727:7:std::vector<_Tp, _Alloc>& std::vector<_Tp, _Alloc>::operator=(std::initializer_list<_Tp>) [with _Tp = std::__cxx11::basic_string<char>; _Alloc = std::allocator<std::__cxx11::basic_string<char> >]	40	static
allocator.h:138:7:std::allocator< <template-parameter-1-1> >::allocator() [with _Tp = std::__cxx11::basic_string<char>]	16	static
stl_vector.h:622:7:std::vector<_Tp, _Alloc>::vector(std::initializer_list<_Tp>, const allocator_type&) [with _Tp = std::__cxx11::basic_string<char>; _Alloc = std::allocator<std::__cxx11::basic_string<char> >]	40	static
stl_vector.h:727:7:std::vector<_Tp, _Alloc>& std::vector<_Tp, _Alloc>::operator=(std::initializer_list<_Tp>) [with _Tp = std::vector<std::__cxx11::basic_string<char> >; _Alloc = std::allocator<std::vector<std::__cxx11::basic_string<char> > >]	40	static
stl_vector.h:1200:7:void std::vector<_Tp, _Alloc>::push_back(std::vector<_Tp, _Alloc>::value_type&&) [with _Tp = std::__cxx11::basic_string<char>; _Alloc = std::allocator<std::__cxx11::basic_string<char> >]	16	static
stl_vector.h:128:2:std::_Vector_base<_Tp, _Alloc>::_Vector_impl::_Vector_impl() [with _Tp = Table; _Alloc = std::allocator<Table>]	16	static
allocator.h:153:7:std::allocator< <template-parameter-1-1> >::~allocator() [with _Tp = Table]	16	static
stl_vector.h:330:7:std::_Vector_base<_Tp, _Alloc>::~_Vector_base() [with _Tp = Table; _Alloc = std::allocator<Table>]	16	static
stl_vector.h:675:7:std::vector<_Tp, _Alloc>::~vector() [with _Tp = Table; _Alloc = std::allocator<Table>]	24	static
stl_vector.h:1040:7:std::vector<_Tp, _Alloc>::reference std::vector<_Tp, _Alloc>::operator[](std::vector<_Tp, _Alloc>::size_type) [with _Tp = Table; _Alloc = std::allocator<Table>]	16	static
stl_vector.h:706:7:std::vector<_Tp, _Alloc>& std::vector<_Tp, _Alloc>::operator=(std::vector<_Tp, _Alloc>&&) [with _Tp = std::__cxx11::basic_string<char>; _Alloc = std::allocator<std::__cxx11::basic_string<char> >]	32	static
stl_vector.h:706:7:std::vector<_Tp, _Alloc>& std::vector<_Tp, _Alloc>::operator=(std::vector<_Tp, _Alloc>&&) [with _Tp = std::vector<std::__cxx11::basic_string<char> >; _Alloc = std::allocator<std::vector<std::__cxx11::basic_string<char> > >]	32	static
stl_vector.h:915:7:std::vector<_Tp, _Alloc>::size_type std::vector<_Tp, _Alloc>::size() const [with _Tp = Table; _Alloc = std::allocator<Table>]	16	static
stl_vector.h:808:7:std::vector<_Tp, _Alloc>::iterator std::vector<_Tp, _Alloc>::begin() [with _Tp = std::__cxx11::basic_string<char>; _Alloc = std::allocator<std::__cxx11::basic_string<char> >]	24	static
stl_vector.h:826:7:std::vector<_Tp, _Alloc>::iterator std::vector<_Tp, _Alloc>::end() [with _Tp = std::__cxx11::basic_string<char>; _Alloc = std::allocator<std::__cxx11::basic_string<char> >]	24	static
stl_algo.h:3930:5:_IIter std::find(_IIter, _IIter, const _Tp&) [with _IIter = __gnu_cxx::__normal_iterator<std::__cxx11::basic_string<char>*, std::vector<std::__cxx11::basic_string<char> > >; _Tp = std::__cxx11::basic_string<char>]	24	static
stl_iterator.h:907:5:bool __gnu_cxx::operator!=(const __gnu_cxx::__normal_iterator<_Iterator, _Container>&, const __gnu_cxx::__normal_iterator<_Iterator, _Container>&) [with _Iterator = std::__cxx11::basic_string<char>*; _Container = std::vector<std::__cxx11::basic_string<char> >]	24	static
stl_iterator_base_funcs.h:138:5:typename std::iterator_traits<_Iterator>::difference_type std::distance(_InputIterator, _InputIterator) [with _InputIterator = __gnu_cxx::__normal_iterator<std::__cxx11::basic_string<char>*, std::vector<std::__cxx11::basic_string<char> > >]	32	static
stl_vector.h:1200:7:void std::vector<_Tp, _Alloc>::push_back(std::vector<_Tp, _Alloc>::value_type&&) [with _Tp = int; _Alloc = std::allocator<int>]	16	static
stl_vector.h:808:7:std::vector<_Tp, _Alloc>::iterator std::vector<_Tp, _Alloc>::begin() [with _Tp = int; _Alloc = std::allocator<int>]	24	static
stl_vector.h:826:7:std::vector<_Tp, _Alloc>::iterator std::vector<_Tp, _Alloc>::end() [with _Tp = int; _Alloc = std::allocator<int>]	24	static
stl_algo.h:5707:5:constexpr _FIter std::max_element(_FIter, _FIter) [with _FIter = __gnu_cxx::__normal_iterator<int*, std::vector<int> >]	32	static
stl_iterator.h:819:7:__gnu_cxx::__normal_iterator<_Iterator, _Container>::reference __gnu_cxx::__normal_iterator<_Iterator, _Container>::operator*() const [with _Iterator = int*; _Container = std::vector<int>]	16	static
move.h:99:5:constexpr typename std::remove_reference<_Tp>::type&& std::move(_Tp&&) [with _Tp = std::__cxx11::basic_string<char>&]	16	static
stl_vector.h:441:7:static constexpr bool std::vector<_Tp, _Alloc>::_S_use_relocate() [with _Tp = std::vector<std::__cxx11::basic_string<char> >; _Alloc = std::allocator<std::vector<std::__cxx11::basic_string<char> > >]	16	static
stl_vector.h:428:7:static constexpr bool std::vector<_Tp, _Alloc>::_S_nothrow_relocate(std::true_type) [with _Tp = std::vector<std::__cxx11::basic_string<char> >; _Alloc = std::allocator<std::vector<std::__cxx11::basic_string<char> > >]	16	static
vector.tcc:611:5:void std::vector<_Tp, _Alloc>::_M_default_append(std::vector<_Tp, _Alloc>::size_type) [with _Tp = std::vector<std::__cxx11::basic_string<char> >; _Alloc = std::allocator<std::vector<std::__cxx11::basic_string<char> > >]	48	static
stl_vector.h:1789:7:void std::vector<_Tp, _Alloc>::_M_erase_at_end(std::vector<_Tp, _Alloc>::pointer) [with _Tp = std::vector<std::__cxx11::basic_string<char> >; _Alloc = std::allocator<std::vector<std::__cxx11::basic_string<char> > >]	32	static
allocator.h:138:7:std::allocator< <template-parameter-1-1> >::allocator() [with _Tp = std::_Rb_tree_node<std::pair<const std::__cxx11::basic_string<char>, int> >]	16	static
stl_tree.h:146:7:std::_Rb_tree_key_compare<_Key_compare>::_Rb_tree_key_compare() [with _Key_compare = std::less<std::__cxx11::basic_string<char> >]	16	static
new_allocator.h:89:7:__gnu_cxx::new_allocator<_Tp>::~new_allocator() [with _Tp = std::_Rb_tree_node<std::pair<const std::__cxx11::basic_string<char>, int> >]	16	static
stl_tree.h:1907:5:void std::_Rb_tree<_Key, _Val, _KeyOfValue, _Compare, _Alloc>::_M_erase(std::_Rb_tree<_Key, _Val, _KeyOfValue, _Compare, _Alloc>::_Link_type) [with _Key = std::__cxx11::basic_string<char>; _Val = std::pair<const std::__cxx11::basic_string<char>, int>; _KeyOfValue = std::_Select1st<std::pair<const std::__cxx11::basic_string<char>, int> >; _Compare = std::less<std::__cxx11::basic_string<char> >; _Alloc = std::allocator<std::pair<const std::__cxx11::basic_string<char>, int> >]	24	static
stl_tree.h:744:7:std::_Rb_tree_node<_Val>* std::_Rb_tree<_Key, _Val, _KeyOfValue, _Compare, _Alloc>::_M_begin() [with _Key = std::__cxx11::basic_string<char>; _Val = std::pair<const std::__cxx11::basic_string<char>, int>; _KeyOfValue = std::_Select1st<std::pair<const std::__cxx11::basic_string<char>, int> >; _Compare = std::less<std::__cxx11::basic_string<char> >; _Alloc = std::allocator<std::pair<const std::__cxx11::basic_string<char>, int> >]	16	static
stl_map.h:1257:7:std::map<_Key, _Tp, _Compare, _Alloc>::iterator std::map<_Key, _Tp, _Compare, _Alloc>::lower_bound(const key_type&) [with _Key = std::__cxx11::basic_string<char>; _Tp = int; _Compare = std::less<std::__cxx11::basic_string<char> >; _Alloc = std::allocator<std::pair<const std::__cxx11::basic_string<char>, int> >]	16	static
stl_tree.h:315:7:bool std::operator==(const _Self&, const _Self&)	16	static
stl_map.h:1141:7:std::map<_Key, _Tp, _Compare, _Alloc>::key_compare std::map<_Key, _Tp, _Compare, _Alloc>::key_comp() const [with _Key = std::__cxx11::basic_string<char>; _Tp = int; _Compare = std::less<std::__cxx11::basic_string<char> >; _Alloc = std::allocator<std::pair<const std::__cxx11::basic_string<char>, int> >]	24	static
stl_tree.h:277:7:_Tp& std::_Rb_tree_iterator<_Tp>::operator*() const [with _Tp = std::pair<const std::__cxx11::basic_string<char>, int>]	16	static
stl_function.h:385:7:constexpr bool std::less<_Tp>::operator()(const _Tp&, const _Tp&) const [with _Tp = std::__cxx11::basic_string<char>]	24	static
tuple:588:19: (_Elements) >= 1)), bool>::type <anonymous> = true; _Elements = {const std::__cxx11::basic_string<char, std::char_traits<char>, std::allocator<char> >&}]	16	static
stl_tree.h:348:7:std::_Rb_tree_const_iterator<_Tp>::_Rb_tree_const_iterator(const iterator&) [with _Tp = std::pair<const std::__cxx11::basic_string<char>, int>]	16	static
stl_tree.h:2452:7:) [with _Args = {const std::piecewise_construct_t&, std::tuple<const std::__cxx11::basic_string<char, std::char_traits<char>, std::allocator<char> >&>, std::tuple<>}; _Key = std::__cxx11::basic_string<char>; _Val = std::pair<const std::__cxx11::basic_string<char>, int>; _KeyOfValue = std::_Select1st<std::pair<const std::__cxx11::basic_string<char>, int> >; _Compare = std::less<std::__cxx11::basic_string<char> >; _Alloc = std::allocator<std::pair<const std::__cxx11::basic_string<char>, int> >]	48	static
stl_tree.h:1006:7:std::_Rb_tree<_Key, _Val, _KeyOfValue, _Compare, _Alloc>::iterator std::_Rb_tree<_Key, _Val, _KeyOfValue, _Compare, _Alloc>::begin() [with _Key = std::__cxx11::basic_string<char>; _Val = std::pair<const std::__cxx11::basic_string<char>, int>; _KeyOfValue = std::_Select1st<std::pair<const std::__cxx11::basic_string<char>, int> >; _Compare = std::less<std::__cxx11::basic_string<char> >; _Alloc = std::allocator<std::pair<const std::__cxx11::basic_string<char>, int> >]	24	static
stl_tree.h:1014:7:std::_Rb_tree<_Key, _Val, _KeyOfValue, _Compare, _Alloc>::iterator std::_Rb_tree<_Key, _Val, _KeyOfValue, _Compare, _Alloc>::end() [with _Key = std::__cxx11::basic_string<char>; _Val = std::pair<const std::__cxx11::basic_string<char>, int>; _KeyOfValue = std::_Select1st<std::pair<const std::__cxx11::basic_string<char>, int> >; _Compare = std::less<std::__cxx11::basic_string<char> >; _Alloc = std::allocator<std::pair<const std::__cxx11::basic_string<char>, int> >]	24	static
stl_tree.h:234:7:_Val* std::_Rb_tree_node<_Val>::_M_valptr() [with _Val = std::pair<const std::__cxx11::basic_string<char>, int>]	16	static
alloc_traits.h:482:2:) [with _Up = std::__cxx11::basic_string<char>; _Args = {const std::__cxx11::basic_string<char, std::char_traits<char>, std::allocator<char> >&}; _Tp = std::__cxx11::basic_string<char>]	24	static
stl_vector.h:441:7:static constexpr bool std::vector<_Tp, _Alloc>::_S_use_relocate() [with _Tp = std::__cxx11::basic_string<char>; _Alloc = std::allocator<std::__cxx11::basic_string<char> >]	16	static
stl_vector.h:428:7:static constexpr bool std::vector<_Tp, _Alloc>::_S_nothrow_relocate(std::true_type) [with _Tp = std::__cxx11::basic_string<char>; _Alloc = std::allocator<std::__cxx11::basic_string<char> >]	16	static
vector.tcc:426:7:) [with _Args = {const std::__cxx11::basic_string<char, std::char_traits<char>, std::allocator<char> >&}; _Tp = std::__cxx11::basic_string<char>; _Alloc = std::allocator<std::__cxx11::basic_string<char> >]	64	static
allocator.h:138:7:std::allocator< <template-parameter-1-1> >::allocator() [with _Tp = int]	16	static
stl_vector.h:94:2:std::_Vector_base<_Tp, _Alloc>::_Vector_impl_data::_Vector_impl_data() [with _Tp = int; _Alloc = std::allocator<int>]	16	static
new_allocator.h:89:7:__gnu_cxx::new_allocator<_Tp>::~new_allocator() [with _Tp = int]	16	static
stl_vector.h:347:7:void std::_Vector_base<_Tp, _Alloc>::_M_deallocate(std::_Vector_base<_Tp, _Alloc>::pointer, std::size_t) [with _Tp = int; _Alloc = std::allocator<int>]	24	static
stl_vector.h:273:7:std::_Vector_base<_Tp, _Alloc>::_Tp_alloc_type& std::_Vector_base<_Tp, _Alloc>::_M_get_Tp_allocator() [with _Tp = int; _Alloc = std::allocator<int>]	16	static
stl_construct.h:203:5:void std::_Destroy(_ForwardIterator, _ForwardIterator, std::allocator<_T2>&) [with _ForwardIterator = int*; _Tp = int]	24	static
stl_vector.h:94:2:std::_Vector_base<_Tp, _Alloc>::_Vector_impl_data::_Vector_impl_data() [with _Tp = std::__cxx11::basic_string<char>; _Alloc = std::allocator<std::__cxx11::basic_string<char> >]	16	static
new_allocator.h:89:7:__gnu_cxx::new_allocator<_Tp>::~new_allocator() [with _Tp = std::__cxx11::basic_string<char>]	16	static
stl_vector.h:347:7:void std::_Vector_base<_Tp, _Alloc>::_M_deallocate(std::_Vector_base<_Tp, _Alloc>::pointer, std::size_t) [with _Tp = std::__cxx11::basic_string<char>; _Alloc = std::allocator<std::__cxx11::basic_string<char> >]	24	static
stl_vector.h:273:7:std::_Vector_base<_Tp, _Alloc>::_Tp_alloc_type& std::_Vector_base<_Tp, _Alloc>::_M_get_Tp_allocator() [with _Tp = std::__cxx11::basic_string<char>; _Alloc = std::allocator<std::__cxx11::basic_string<char> >]	16	static
stl_construct.h:203:5:void std::_Destroy(_ForwardIterator, _ForwardIterator, std::allocator<_T2>&) [with _ForwardIterator = std::__cxx11::basic_string<char>*; _Tp = std::__cxx11::basic_string<char>]	24	static
allocator.h:138:7:std::allocator< <template-parameter-1-1> >::allocator() [with _Tp = std::vector<std::__cxx11::basic_string<char> >]	16	static
stl_vector.h:94:2:std::_Vector_base<_Tp, _Alloc>::_Vector_impl_data::_Vector_impl_data() [with _Tp = std::vector<std::__cxx11::basic_string<char> >; _Alloc = std::allocator<std::vector<std::__cxx11::basic_string<char> > >]	16	static
new_allocator.h:89:7:__gnu_cxx::new_allocator<_Tp>::~new_allocator() [with _Tp = std::vector<std::__cxx11::basic_string<char> >]	16	static
stl_vector.h:347:7:void std::_Vector_base<_Tp, _Alloc>::_M_deallocate(std::_Vector_base<_Tp, _Alloc>::pointer, std::size_t) [with _Tp = std::vector<std::__cxx11::basic_string<char> >; _Alloc = std::allocator<std::vector<std::__cxx11::basic_string<char> > >]	24	static
stl_vector.h:273:7:std::_Vector_base<_Tp, _Alloc>::_Tp_alloc_type& std::_Vector_base<_Tp, _Alloc>::_M_get_Tp_allocator() [with _Tp = std::vector<std::__cxx11::basic_string<char> >; _Alloc = std::allocator<std::vector<std::__cxx11::basic_string<char> > >]	16	static
stl_construct.h:203:5:void std::_Destroy(_ForwardIterator, _ForwardIterator, std::allocator<_T2>&) [with _ForwardIterator = std::vector<std::__cxx11::basic_string<char> >*; _Tp = std::vector<std::__cxx11::basic_string<char> >]	24	static
allocator.h:138:7:std::allocator< <template-parameter-1-1> >::allocator() [with _Tp = Node]	16	static
stl_vector.h:94:2:std::_Vector_base<_Tp, _Alloc>::_Vector_impl_data::_Vector_impl_data() [with _Tp = Node; _Alloc = std::allocator<Node>]	16	static
stl_vector.h:347:7:void std::_Vector_base<_Tp, _Alloc>::_M_deallocate(std::_Vector_base<_Tp, _Alloc>::pointer, std::size_t) [with _Tp = Node; _Alloc = std::allocator<Node>]	24	static
stl_vector.h:273:7:std::_Vector_base<_Tp, _Alloc>::_Tp_alloc_type& std::_Vector_base<_Tp, _Alloc>::_M_get_Tp_allocator() [with _Tp = Node; _Alloc = std::allocator<Node>]	16	static
stl_construct.h:203:5:void std::_Destroy(_ForwardIterator, _ForwardIterator, std::allocator<_T2>&) [with _ForwardIterator = Node*; _Tp = Node]	24	static
stl_vector.h:277:7:const _Tp_alloc_type& std::_Vector_base<_Tp, _Alloc>::_M_get_Tp_allocator() const [with _Tp = std::__cxx11::basic_string<char>; _Alloc = std::allocator<std::__cxx11::basic_string<char> >]	16	static
allocator.h:160:7:bool std::operator!=(const std::allocator<std::__cxx11::basic_string<char> >&, const std::allocator<std::__cxx11::basic_string<char> >&)	16	static
stl_vector.h:1495:7:void std::vector<_Tp, _Alloc>::clear() [with _Tp = std::__cxx11::basic_string<char>; _Alloc = std::allocator<std::__cxx11::basic_string<char> >]	16	static
alloc_traits.h:530:17:void std::__alloc_on_copy(_Alloc&, const _Alloc&) [with _Alloc = std::allocator<std::__cxx11::basic_string<char> >]	24	static
stl_vector.h:995:7:std::vector<_Tp, _Alloc>::size_type std::vector<_Tp, _Alloc>::capacity() const [with _Tp = std::__cxx11::basic_string<char>; _Alloc = std::allocator<std::__cxx11::basic_string<char> >]	16	static
stl_vector.h:817:7:std::vector<_Tp, _Alloc>::const_iterator std::vector<_Tp, _Alloc>::begin() const [with _Tp = std::__cxx11::basic_string<char>; _Alloc = std::allocator<std::__cxx11::basic_string<char> >]	24	static
stl_vector.h:835:7:std::vector<_Tp, _Alloc>::const_iterator std::vector<_Tp, _Alloc>::end() const [with _Tp = std::__cxx11::basic_string<char>; _Alloc = std::allocator<std::__cxx11::basic_string<char> >]	24	static
stl_vector.h:1505:2:std::vector<_Tp, _Alloc>::pointer std::vector<_Tp, _Alloc>::_M_allocate_and_copy(std::vector<_Tp, _Alloc>::size_type, _ForwardIterator, _ForwardIterator) [with _ForwardIterator = __gnu_cxx::__normal_iterator<const std::__cxx11::basic_string<char>*, std::vector<std::__cxx11::basic_string<char> > >; _Tp = std::__cxx11::basic_string<char>; _Alloc = std::allocator<std::__cxx11::basic_string<char> >]	32	static
stl_algobase.h:465:5:_OI std::copy(_II, _II, _OI) [with _II = __gnu_cxx::__normal_iterator<const std::__cxx11::basic_string<char>*, std::vector<std::__cxx11::basic_string<char> > >; _OI = __gnu_cxx::__normal_iterator<std::__cxx11::basic_string<char>*, std::vector<std::__cxx11::basic_string<char> > >]	32	static
stl_construct.h:203:5:void std::_Destroy(_ForwardIterator, _ForwardIterator, std::allocator<_T2>&) [with _ForwardIterator = __gnu_cxx::__normal_iterator<std::__cxx11::basic_string<char>*, std::vector<std::__cxx11::basic_string<char> > >; _Tp = std::__cxx11::basic_string<char>]	24	static
stl_algobase.h:465:5:_OI std::copy(_II, _II, _OI) [with _II = std::__cxx11::basic_string<char>*; _OI = std::__cxx11::basic_string<char>*]	32	static
stl_uninitialized.h:305:5:_ForwardIterator std::__uninitialized_copy_a(_InputIterator, _InputIterator, _ForwardIterator, std::allocator<_Tp>&) [with _InputIterator = std::__cxx11::basic_string<char>*; _ForwardIterator = std::__cxx11::basic_string<char>*; _Tp = std::__cxx11::basic_string<char>]	24	static
stl_vector.h:277:7:const _Tp_alloc_type& std::_Vector_base<_Tp, _Alloc>::_M_get_Tp_allocator() const [with _Tp = std::vector<std::__cxx11::basic_string<char> >; _Alloc = std::allocator<std::vector<std::__cxx11::basic_string<char> > >]	16	static
allocator.h:160:7:bool std::operator!=(const std::allocator<std::vector<std::__cxx11::basic_string<char> > >&, const std::allocator<std::vector<std::__cxx11::basic_string<char> > >&)	16	static
stl_vector.h:1495:7:void std::vector<_Tp, _Alloc>::clear() [with _Tp = std::vector<std::__cxx11::basic_string<char> >; _Alloc = std::allocator<std::vector<std::__cxx11::basic_string<char> > >]	16	static
alloc_traits.h:530:17:void std::__alloc_on_copy(_Alloc&, const _Alloc&) [with _Alloc = std::allocator<std::vector<std::__cxx11::basic_string<char> > >]	24	static
stl_vector.h:995:7:std::vector<_Tp, _Alloc>::size_type std::vector<_Tp, _Alloc>::capacity() const [with _Tp = std::vector<std::__cxx11::basic_string<char> >; _Alloc = std::allocator<std::vector<std::__cxx11::basic_string<char> > >]	16	static
stl_vector.h:817:7:std::vector<_Tp, _Alloc>::const_iterator std::vector<_Tp, _Alloc>::begin() const [with _Tp = std::vector<std::__cxx11::basic_string<char> >; _Alloc = std::allocator<std::vector<std::__cxx11::basic_string<char> > >]	24	static
stl_vector.h:835:7:std::vector<_Tp, _Alloc>::const_iterator std::vector<_Tp, _Alloc>::end() const [with _Tp = std::vector<std::__cxx11::basic_string<char> >; _Alloc = std::allocator<std::vector<std::__cxx11::basic_string<char> > >]	24	static
stl_vector.h:1505:2:std::vector<_Tp, _Alloc>::pointer std::vector<_Tp, _Alloc>::_M_allocate_and_copy(std::vector<_Tp, _Alloc>::size_type, _ForwardIterator, _ForwardIterator) [with _ForwardIterator = __gnu_cxx::__normal_iterator<const std::vector<std::__cxx11::basic_string<char> >*, std::vector<std::vector<std::__cxx11::basic_string<char> > > >; _Tp = std::vector<std::__cxx11::basic_string<char> >; _Alloc = std::allocator<std::vector<std::__cxx11::basic_string<char> > >]	32	static
stl_vector.h:808:7:std::vector<_Tp, _Alloc>::iterator std::vector<_Tp, _Alloc>::begin() [with _Tp = std::vector<std::__cxx11::basic_string<char> >; _Alloc = std::allocator<std::vector<std::__cxx11::basic_string<char> > >]	24	static
stl_algobase.h:465:5:_OI std::copy(_II, _II, _OI) [with _II = __gnu_cxx::__normal_iterator<const std::vector<std::__cxx11::basic_string<char> >*, std::vector<std::vector<std::__cxx11::basic_string<char> > > >; _OI = __gnu_cxx::__normal_iterator<std::vector<std::__cxx11::basic_string<char> >*, std::vector<std::vector<std::__cxx11::basic_string<char> > > >]	32	static
stl_vector.h:826:7:std::vector<_Tp, _Alloc>::iterator std::vector<_Tp, _Alloc>::end() [with _Tp = std::vector<std::__cxx11::basic_string<char> >; _Alloc = std::allocator<std::vector<std::__cxx11::basic_string<char> > >]	24	static
stl_construct.h:203:5:void std::_Destroy(_ForwardIterator, _ForwardIterator, std::allocator<_T2>&) [with _ForwardIterator = __gnu_cxx::__normal_iterator<std::vector<std::__cxx11::basic_string<char> >*, std::vector<std::vector<std::__cxx11::basic_string<char> > > >; _Tp = std::vector<std::__cxx11::basic_string<char> >]	24	static
stl_algobase.h:465:5:_OI std::copy(_II, _II, _OI) [with _II = std::vector<std::__cxx11::basic_string<char> >*; _OI = std::vector<std::__cxx11::basic_string<char> >*]	32	static
stl_uninitialized.h:305:5:_ForwardIterator std::__uninitialized_copy_a(_InputIterator, _InputIterator, _ForwardIterator, std::allocator<_Tp>&) [with _InputIterator = std::vector<std::__cxx11::basic_string<char> >*; _ForwardIterator = std::vector<std::__cxx11::basic_string<char> >*; _Tp = std::vector<std::__cxx11::basic_string<char> >]	24	static
alloc_traits.h:482:2:) [with _Up = Node; _Args = {const Node&}; _Tp = Node]	24	static
stl_vector.h:826:7:std::vector<_Tp, _Alloc>::iterator std::vector<_Tp, _Alloc>::end() [with _Tp = Node; _Alloc = std::allocator<Node>]	24	static
stl_vector.h:441:7:static constexpr bool std::vector<_Tp, _Alloc>::_S_use_relocate() [with _Tp = Node; _Alloc = std::allocator<Node>]	16	static
stl_vector.h:428:7:static constexpr bool std::vector<_Tp, _Alloc>::_S_nothrow_relocate(std::true_type) [with _Tp = Node; _Alloc = std::allocator<Node>]	16	static
vector.tcc:426:7:) [with _Args = {const Node&}; _Tp = Node; _Alloc = std::allocator<Node>]	64	static
alloc_traits.h:97:19:static _Alloc __gnu_cxx::__alloc_traits<_Alloc, <template-parameter-1-2> >::_S_select_on_copy(const _Alloc&) [with _Alloc = std::allocator<std::__cxx11::basic_string<char> >; <template-parameter-1-2> = std::__cxx11::basic_string<char>]	16	static
stl_vector.h:300:7:std::_Vector_base<_Tp, _Alloc>::_Vector_base(std::size_t, const allocator_type&) [with _Tp = std::__cxx11::basic_string<char>; _Alloc = std::allocator<std::__cxx11::basic_string<char> >]	24	static
stl_uninitialized.h:305:5:_ForwardIterator std::__uninitialized_copy_a(_InputIterator, _InputIterator, _ForwardIterator, std::allocator<_Tp>&) [with _InputIterator = __gnu_cxx::__normal_iterator<const std::__cxx11::basic_string<char>*, std::vector<std::__cxx11::basic_string<char> > >; _ForwardIterator = std::__cxx11::basic_string<char>*; _Tp = std::__cxx11::basic_string<char>]	24	static
alloc_traits.h:97:19:static _Alloc __gnu_cxx::__alloc_traits<_Alloc, <template-parameter-1-2> >::_S_select_on_copy(const _Alloc&) [with _Alloc = std::allocator<std::vector<std::__cxx11::basic_string<char> > >; <template-parameter-1-2> = std::vector<std::__cxx11::basic_string<char> >]	16	static
stl_vector.h:300:7:std::_Vector_base<_Tp, _Alloc>::_Vector_base(std::size_t, const allocator_type&) [with _Tp = std::vector<std::__cxx11::basic_string<char> >; _Alloc = std::allocator<std::vector<std::__cxx11::basic_string<char> > >]	24	static
stl_uninitialized.h:305:5:_ForwardIterator std::__uninitialized_copy_a(_InputIterator, _InputIterator, _ForwardIterator, std::allocator<_Tp>&) [with _InputIterator = __gnu_cxx::__normal_iterator<const std::vector<std::__cxx11::basic_string<char> >*, std::vector<std::vector<std::__cxx11::basic_string<char> > > >; _ForwardIterator = std::vector<std::__cxx11::basic_string<char> >*; _Tp = std::vector<std::__cxx11::basic_string<char> >]	24	static
stl_iterator.h:867:7:__gnu_cxx::__normal_iterator<_Iterator, _Container> __gnu_cxx::__normal_iterator<_Iterator, _Container>::operator-(__gnu_cxx::__normal_iterator<_Iterator, _Container>::difference_type) const [with _Iterator = std::vector<std::__cxx11::basic_string<char> >*; _Container = std::vector<std::vector<std::__cxx11::basic_string<char> > >]	24	static
stl_iterator.h:819:7:__gnu_cxx::__normal_iterator<_Iterator, _Container>::reference __gnu_cxx::__normal_iterator<_Iterator, _Container>::operator*() const [with _Iterator = std::vector<std::__cxx11::basic_string<char> >*; _Container = std::vector<std::vector<std::__cxx11::basic_string<char> > >]	16	static
stl_iterator.h:867:7:__gnu_cxx::__normal_iterator<_Iterator, _Container> __gnu_cxx::__normal_iterator<_Iterator, _Container>::operator-(__gnu_cxx::__normal_iterator<_Iterator, _Container>::difference_type) const [with _Iterator = std::__cxx11::basic_string<char>*; _Container = std::vector<std::__cxx11::basic_string<char> >]	24	static
stl_iterator.h:819:7:__gnu_cxx::__normal_iterator<_Iterator, _Container>::reference __gnu_cxx::__normal_iterator<_Iterator, _Container>::operator*() const [with _Iterator = std::__cxx11::basic_string<char>*; _Container = std::vector<std::__cxx11::basic_string<char> >]	16	static
allocator.h:138:7:std::allocator< <template-parameter-1-1> >::allocator() [with _Tp = std::_Rb_tree_node<std::pair<const std::__cxx11::basic_string<char>, std::vector<int> > >]	16	static
new_allocator.h:89:7:__gnu_cxx::new_allocator<_Tp>::~new_allocator() [with _Tp = std::_Rb_tree_node<std::pair<const std::__cxx11::basic_string<char>, std::vector<int> > >]	16	static
stl_tree.h:1907:5:void std::_Rb_tree<_Key, _Val, _KeyOfValue, _Compare, _Alloc>::_M_erase(std::_Rb_tree<_Key, _Val, _KeyOfValue, _Compare, _Alloc>::_Link_type) [with _Key = std::__cxx11::basic_string<char>; _Val = std::pair<const std::__cxx11::basic_string<char>, std::vector<int> >; _KeyOfValue = std::_Select1st<std::pair<const std::__cxx11::basic_string<char>, std::vector<int> > >; _Compare = std::less<std::__cxx11::basic_string<char> >; _Alloc = std::allocator<std::pair<const std::__cxx11::basic_string<char>, std::vector<int> > >]	24	static
stl_tree.h:744:7:std::_Rb_tree_node<_Val>* std::_Rb_tree<_Key, _Val, _KeyOfValue, _Compare, _Alloc>::_M_begin() [with _Key = std::__cxx11::basic_string<char>; _Val = std::pair<const std::__cxx11::basic_string<char>, std::vector<int> >; _KeyOfValue = std::_Select1st<std::pair<const std::__cxx11::basic_string<char>, std::vector<int> > >; _Compare = std::less<std::__cxx11::basic_string<char> >; _Alloc = std::allocator<std::pair<const std::__cxx11::basic_string<char>, std::vector<int> > >]	16	static
stl_map.h:1257:7:std::map<_Key, _Tp, _Compare, _Alloc>::iterator std::map<_Key, _Tp, _Compare, _Alloc>::lower_bound(const key_type&) [with _Key = std::__cxx11::basic_string<char>; _Tp = std::vector<int>; _Compare = std::less<std::__cxx11::basic_string<char> >; _Alloc = std::allocator<std::pair<const std::__cxx11::basic_string<char>, std::vector<int> > >]	16	static
stl_tree.h:315:7:bool std::operator==(const _Self&, const _Self&)	16	static
stl_map.h:1141:7:std::map<_Key, _Tp, _Compare, _Alloc>::key_compare std::map<_Key, _Tp, _Compare, _Alloc>::key_comp() const [with _Key = std::__cxx11::basic_string<char>; _Tp = std::vector<int>; _Compare = std::less<std::__cxx11::basic_string<char> >; _Alloc = std::allocator<std::pair<const std::__cxx11::basic_string<char>, std::vector<int> > >]	24	static
stl_tree.h:277:7:_Tp& std::_Rb_tree_iterator<_Tp>::operator*() const [with _Tp = std::pair<const std::__cxx11::basic_string<char>, std::vector<int> >]	16	static
stl_tree.h:348:7:std::_Rb_tree_const_iterator<_Tp>::_Rb_tree_const_iterator(const iterator&) [with _Tp = std::pair<const std::__cxx11::basic_string<char>, std::vector<int> >]	16	static
stl_tree.h:2452:7:) [with _Args = {const std::piecewise_construct_t&, std::tuple<const std::__cxx11::basic_string<char, std::char_traits<char>, std::allocator<char> >&>, std::tuple<>}; _Key = std::__cxx11::basic_string<char>; _Val = std::pair<const std::__cxx11::basic_string<char>, std::vector<int> >; _KeyOfValue = std::_Select1st<std::pair<const std::__cxx11::basic_string<char>, std::vector<int> > >; _Compare = std::less<std::__cxx11::basic_string<char> >; _Alloc = std::allocator<std::pair<const std::__cxx11::basic_string<char>, std::vector<int> > >]	48	static
alloc_traits.h:482:2:) [with _Up = int; _Args = {const int&}; _Tp = int]	24	static
stl_vector.h:441:7:static constexpr bool std::vector<_Tp, _Alloc>::_S_use_relocate() [with _Tp = int; _Alloc = std::allocator<int>]	16	static
stl_vector.h:428:7:static constexpr bool std::vector<_Tp, _Alloc>::_S_nothrow_relocate(std::true_type) [with _Tp = int; _Alloc = std::allocator<int>]	16	static
vector.tcc:426:7:) [with _Args = {const int&}; _Tp = int; _Alloc = std::allocator<int>]	64	static
alloc_traits.h:97:19:static _Alloc __gnu_cxx::__alloc_traits<_Alloc, <template-parameter-1-2> >::_S_select_on_copy(const _Alloc&) [with _Alloc = std::allocator<int>; <template-parameter-1-2> = int]	16	static
stl_vector.h:277:7:const _Tp_alloc_type& std::_Vector_base<_Tp, _Alloc>::_M_get_Tp_allocator() const [with _Tp = int; _Alloc = std::allocator<int>]	16	static
stl_vector.h:300:7:std::_Vector_base<_Tp, _Alloc>::_Vector_base(std::size_t, const allocator_type&) [with _Tp = int; _Alloc = std::allocator<int>]	24	static
stl_vector.h:817:7:std::vector<_Tp, _Alloc>::const_iterator std::vector<_Tp, _Alloc>::begin() const [with _Tp = int; _Alloc = std::allocator<int>]	24	static
stl_vector.h:835:7:std::vector<_Tp, _Alloc>::const_iterator std::vector<_Tp, _Alloc>::end() const [with _Tp = int; _Alloc = std::allocator<int>]	24	static
stl_uninitialized.h:305:5:_ForwardIterator std::__uninitialized_copy_a(_InputIterator, _InputIterator, _ForwardIterator, std::allocator<_Tp>&) [with _InputIterator = __gnu_cxx::__normal_iterator<const int*, std::vector<int> >; _ForwardIterator = int*; _Tp = int]	24	static
alloc_traits.h:482:2:) [with _Up = std::vector<std::__cxx11::basic_string<char> >; _Args = {const std::vector<std::__cxx11::basic_string<char, std::char_traits<char>, std::allocator<char> >, std::allocator<std::__cxx11::basic_string<char, std::char_traits<char>, std::allocator<char> > > >&}; _Tp = std::vector<std::__cxx11::basic_string<char> >]	24	static
vector.tcc:426:7:) [with _Args = {const std::vector<std::__cxx11::basic_string<char, std::char_traits<char>, std::allocator<char> >, std::allocator<std::__cxx11::basic_string<char, std::char_traits<char>, std::allocator<char> > > >&}; _Tp = std::vector<std::__cxx11::basic_string<char> >; _Alloc = std::allocator<std::vector<std::__cxx11::basic_string<char> > >]	64	static
allocator.h:160:7:bool std::operator!=(const std::allocator<int>&, const std::allocator<int>&)	16	static
stl_vector.h:1495:7:void std::vector<_Tp, _Alloc>::clear() [with _Tp = int; _Alloc = std::allocator<int>]	16	static
alloc_traits.h:530:17:void std::__alloc_on_copy(_Alloc&, const _Alloc&) [with _Alloc = std::allocator<int>]	24	static
stl_vector.h:995:7:std::vector<_Tp, _Alloc>::size_type std::vector<_Tp, _Alloc>::capacity() const [with _Tp = int; _Alloc = std::allocator<int>]	16	static
stl_vector.h:1505:2:std::vector<_Tp, _Alloc>::pointer std::vector<_Tp, _Alloc>::_M_allocate_and_copy(std::vector<_Tp, _Alloc>::size_type, _ForwardIterator, _ForwardIterator) [with _ForwardIterator = __gnu_cxx::__normal_iterator<const int*, std::vector<int> >; _Tp = int; _Alloc = std::allocator<int>]	32	static
stl_algobase.h:465:5:_OI std::copy(_II, _II, _OI) [with _II = __gnu_cxx::__normal_iterator<const int*, std::vector<int> >; _OI = __gnu_cxx::__normal_iterator<int*, std::vector<int> >]	32	static
stl_construct.h:203:5:void std::_Destroy(_ForwardIterator, _ForwardIterator, std::allocator<_T2>&) [with _ForwardIterator = __gnu_cxx::__normal_iterator<int*, std::vector<int> >; _Tp = int]	24	static
stl_algobase.h:465:5:_OI std::copy(_II, _II, _OI) [with _II = int*; _OI = int*]	32	static
stl_uninitialized.h:305:5:_ForwardIterator std::__uninitialized_copy_a(_InputIterator, _InputIterator, _ForwardIterator, std::allocator<_Tp>&) [with _InputIterator = int*; _ForwardIterator = int*; _Tp = int]	24	static
move.h:74:5:constexpr _Tp&& std::forward(typename std::remove_reference<_Tp>::type&) [with _Tp = std::__cxx11::basic_string<char>&]	16	static
move.h:74:5:constexpr _Tp&& std::forward(typename std::remove_reference<_Tp>::type&) [with _Tp = int&]	16	static
stl_tree.h:1006:7:std::_Rb_tree<_Key, _Val, _KeyOfValue, _Compare, _Alloc>::iterator std::_Rb_tree<_Key, _Val, _KeyOfValue, _Compare, _Alloc>::begin() [with _Key = std::__cxx11::basic_string<char>; _Val = std::pair<const std::__cxx11::basic_string<char>, std::vector<int> >; _KeyOfValue = std::_Select1st<std::pair<const std::__cxx11::basic_string<char>, std::vector<int> > >; _Compare = std::less<std::__cxx11::basic_string<char> >; _Alloc = std::allocator<std::pair<const std::__cxx11::basic_string<char>, std::vector<int> > >]	24	static
stl_tree.h:1014:7:std::_Rb_tree<_Key, _Val, _KeyOfValue, _Compare, _Alloc>::iterator std::_Rb_tree<_Key, _Val, _KeyOfValue, _Compare, _Alloc>::end() [with _Key = std::__cxx11::basic_string<char>; _Val = std::pair<const std::__cxx11::basic_string<char>, std::vector<int> >; _KeyOfValue = std::_Select1st<std::pair<const std::__cxx11::basic_string<char>, std::vector<int> > >; _Compare = std::less<std::__cxx11::basic_string<char> >; _Alloc = std::allocator<std::pair<const std::__cxx11::basic_string<char>, std::vector<int> > >]	24	static
stl_tree.h:234:7:_Val* std::_Rb_tree_node<_Val>::_M_valptr() [with _Val = std::pair<const std::__cxx11::basic_string<char>, std::vector<int> >]	16	static
move.h:99:5:constexpr typename std::remove_reference<_Tp>::type&& std::move(_Tp&&) [with _Tp = std::_Vector_base<std::__cxx11::basic_string<char>, std::allocator<std::__cxx11::basic_string<char> > >::_Vector_impl&]	16	static
allocator.h:141:7:std::allocator< <template-parameter-1-1> >::allocator(const std::allocator< <template-parameter-1-1> >&) [with _Tp = std::__cxx11::basic_string<char>]	16	static
stl_vector.h:99:2:std::_Vector_base<_Tp, _Alloc>::_Vector_impl_data::_Vector_impl_data(std::_Vector_base<_Tp, _Alloc>::_Vector_impl_data&&) [with _Tp = std::__cxx11::basic_string<char>; _Alloc = std::allocator<std::__cxx11::basic_string<char> >]	16	static
allocator.h:141:7:std::allocator< <template-parameter-1-1> >::allocator(const std::allocator< <template-parameter-1-1> >&) [with _Tp = std::vector<std::__cxx11::basic_string<char> >]	16	static
initializer_list:75:7:constexpr const _E* std::initializer_list<_E>::begin() const [with _E = std::__cxx11::basic_string<char>]	16	static
initializer_list:79:7:constexpr const _E* std::initializer_list<_E>::end() const [with _E = std::__cxx11::basic_string<char>]	24	static
vector.tcc:300:7:void std::vector<_Tp, _Alloc>::_M_assign_aux(_ForwardIterator, _ForwardIterator, std::forward_iterator_tag) [with _ForwardIterator = const std::__cxx11::basic_string<char>*; _Tp = std::__cxx11::basic_string<char>; _Alloc = std::allocator<std::__cxx11::basic_string<char> >]	48	static
new_allocator.h:80:7:__gnu_cxx::new_allocator<_Tp>::new_allocator() [with _Tp = std::__cxx11::basic_string<char>]	16	static
stl_vector.h:290:7:std::_Vector_base<_Tp, _Alloc>::_Vector_base(const allocator_type&) [with _Tp = std::__cxx11::basic_string<char>; _Alloc = std::allocator<std::__cxx11::basic_string<char> >]	16	static
stl_vector.h:1574:2:void std::vector<_Tp, _Alloc>::_M_range_initialize(_ForwardIterator, _ForwardIterator, std::forward_iterator_tag) [with _ForwardIterator = const std::__cxx11::basic_string<char>*; _Tp = std::__cxx11::basic_string<char>; _Alloc = std::allocator<std::__cxx11::basic_string<char> >]	40	static
initializer_list:75:7:constexpr const _E* std::initializer_list<_E>::begin() const [with _E = std::vector<std::__cxx11::basic_string<char> >]	16	static
initializer_list:79:7:constexpr const _E* std::initializer_list<_E>::end() const [with _E = std::vector<std::__cxx11::basic_string<char> >]	24	static
vector.tcc:300:7:void std::vector<_Tp, _Alloc>::_M_assign_aux(_ForwardIterator, _ForwardIterator, std::forward_iterator_tag) [with _ForwardIterator = const std::vector<std::__cxx11::basic_string<char> >*; _Tp = std::vector<std::__cxx11::basic_string<char> >; _Alloc = std::allocator<std::vector<std::__cxx11::basic_string<char> > >]	48	static
vector.tcc:109:7:) [with _Args = {std::__cxx11::basic_string<char, std::char_traits<char>, std::allocator<char> >}; _Tp = std::__cxx11::basic_string<char>; _Alloc = std::allocator<std::__cxx11::basic_string<char> >]	24	static
allocator.h:138:7:std::allocator< <template-parameter-1-1> >::allocator() [with _Tp = Table]	16	static
stl_vector.h:94:2:std::_Vector_base<_Tp, _Alloc>::_Vector_impl_data::_Vector_impl_data() [with _Tp = Table; _Alloc = std::allocator<Table>]	16	static
new_allocator.h:89:7:__gnu_cxx::new_allocator<_Tp>::~new_allocator() [with _Tp = Table]	16	static
stl_vector.h:347:7:void std::_Vector_base<_Tp, _Alloc>::_M_deallocate(std::_Vector_base<_Tp, _Alloc>::pointer, std::size_t) [with _Tp = Table; _Alloc = std::allocator<Table>]	24	static
stl_vector.h:273:7:std::_Vector_base<_Tp, _Alloc>::_Tp_alloc_type& std::_Vector_base<_Tp, _Alloc>::_M_get_Tp_allocator() [with _Tp = Table; _Alloc = std::allocator<Table>]	16	static
stl_construct.h:203:5:void std::_Destroy(_ForwardIterator, _ForwardIterator, std::allocator<_T2>&) [with _ForwardIterator = Table*; _Tp = Table]	24	static
move.h:99:5:constexpr typename std::remove_reference<_Tp>::type&& std::move(_Tp&&) [with _Tp = std::vector<std::__cxx11::basic_string<char> >&]	16	static
stl_vector.h:1812:7:void std::vector<_Tp, _Alloc>::_M_move_assign(std::vector<_Tp, _Alloc>&&, std::true_type) [with _Tp = std::__cxx11::basic_string<char>; _Alloc = std::allocator<std::__cxx11::basic_string<char> >]	48	static
move.h:99:5:constexpr typename std::remove_reference<_Tp>::type&& std::move(_Tp&&) [with _Tp = std::vector<std::vector<std::__cxx11::basic_string<char> > >&]	16	static
stl_vector.h:1812:7:void std::vector<_Tp, _Alloc>::_M_move_assign(std::vector<_Tp, _Alloc>&&, std::true_type) [with _Tp = std::vector<std::__cxx11::basic_string<char> >; _Alloc = std::allocator<std::vector<std::__cxx11::basic_string<char> > >]	48	static
stl_iterator.h:806:7:__gnu_cxx::__normal_iterator<_Iterator, _Container>::__normal_iterator(const _Iterator&) [with _Iterator = std::__cxx11::basic_string<char>*; _Container = std::vector<std::__cxx11::basic_string<char> >]	16	static
predefined_ops.h:246:5:__gnu_cxx::__ops::_Iter_equals_val<_Value> __gnu_cxx::__ops::__iter_equals_val(_Value&) [with _Value = const std::__cxx11::basic_string<char>]	24	static
stl_algo.h:159:5:_Iterator std::__find_if(_Iterator, _Iterator, _Predicate) [with _Iterator = __gnu_cxx::__normal_iterator<std::__cxx11::basic_string<char>*, std::vector<std::__cxx11::basic_string<char> > >; _Predicate = __gnu_cxx::__ops::_Iter_equals_val<const std::__cxx11::basic_string<char> >]	40	static
stl_iterator.h:871:7:const _Iterator& __gnu_cxx::__normal_iterator<_Iterator, _Container>::base() const [with _Iterator = std::__cxx11::basic_string<char>*; _Container = std::vector<std::__cxx11::basic_string<char> >]	16	static
stl_iterator_base_types.h:205:5:constexpr typename std::iterator_traits<_Iterator>::iterator_category std::__iterator_category(const _Iter&) [with _Iter = __gnu_cxx::__normal_iterator<std::__cxx11::basic_string<char>*, std::vector<std::__cxx11::basic_string<char> > >]	16	static
stl_iterator_base_funcs.h:98:5:constexpr typename std::iterator_traits<_Iterator>::difference_type std::__distance(_RandomAccessIterator, _RandomAccessIterator, std::random_access_iterator_tag) [with _RandomAccessIterator = __gnu_cxx::__normal_iterator<std::__cxx11::basic_string<char>*, std::vector<std::__cxx11::basic_string<char> > >]	24	static
move.h:99:5:constexpr typename std::remove_reference<_Tp>::type&& std::move(_Tp&&) [with _Tp = int&]	16	static
vector.tcc:109:7:) [with _Args = {int}; _Tp = int; _Alloc = std::allocator<int>]	24	static
stl_iterator.h:806:7:__gnu_cxx::__normal_iterator<_Iterator, _Container>::__normal_iterator(const _Iterator&) [with _Iterator = int*; _Container = std::vector<int>]	16	static
predefined_ops.h:42:7:constexpr bool __gnu_cxx::__ops::_Iter_less_iter::operator()(_Iterator1, _Iterator2) const [with _Iterator1 = __gnu_cxx::__normal_iterator<int*, std::vector<int> >; _Iterator2 = __gnu_cxx::__normal_iterator<int*, std::vector<int> >]	32	static
stl_algo.h:5686:5:constexpr _ForwardIterator std::__max_element(_ForwardIterator, _ForwardIterator, _Compare) [with _ForwardIterator = __gnu_cxx::__normal_iterator<int*, std::vector<int> >; _Compare = __gnu_cxx::__ops::_Iter_less_iter]	32	static
stl_vector.h:920:7:std::vector<_Tp, _Alloc>::size_type std::vector<_Tp, _Alloc>::max_size() const [with _Tp = std::vector<std::__cxx11::basic_string<char> >; _Alloc = std::allocator<std::vector<std::__cxx11::basic_string<char> > >]	16	static
stl_uninitialized.h:661:5:_ForwardIterator std::__uninitialized_default_n_a(_ForwardIterator, _Size, std::allocator<_Tp>&) [with _ForwardIterator = std::vector<std::__cxx11::basic_string<char> >*; _Size = unsigned int; _Tp = std::vector<std::__cxx11::basic_string<char> >]	24	static
stl_vector.h:1753:7:std::vector<_Tp, _Alloc>::size_type std::vector<_Tp, _Alloc>::_M_check_len(std::vector<_Tp, _Alloc>::size_type, const char*) const [with _Tp = std::vector<std::__cxx11::basic_string<char> >; _Alloc = std::allocator<std::vector<std::__cxx11::basic_string<char> > >]	40	static
stl_vector.h:340:7:std::_Vector_base<_Tp, _Alloc>::pointer std::_Vector_base<_Tp, _Alloc>::_M_allocate(std::size_t) [with _Tp = std::vector<std::__cxx11::basic_string<char> >; _Alloc = std::allocator<std::vector<std::__cxx11::basic_string<char> > >]	16	static
stl_vector.h:462:7:static std::vector<_Tp, _Alloc>::pointer std::vector<_Tp, _Alloc>::_S_relocate(std::vector<_Tp, _Alloc>::pointer, std::vector<_Tp, _Alloc>::pointer, std::vector<_Tp, _Alloc>::pointer, std::vector<_Tp, _Alloc>::_Tp_alloc_type&) [with _Tp = std::vector<std::__cxx11::basic_string<char> >; _Alloc = std::allocator<std::vector<std::__cxx11::basic_string<char> > >]	48	static
stl_uninitialized.h:323:5:_ForwardIterator std::__uninitialized_move_if_noexcept_a(_InputIterator, _InputIterator, _ForwardIterator, _Allocator&) [with _InputIterator = std::vector<std::__cxx11::basic_string<char> >*; _ForwardIterator = std::vector<std::__cxx11::basic_string<char> >*; _Allocator = std::allocator<std::vector<std::__cxx11::basic_string<char> > >]	32	static
new_allocator.h:80:7:__gnu_cxx::new_allocator<_Tp>::new_allocator() [with _Tp = std::_Rb_tree_node<std::pair<const std::__cxx11::basic_string<char>, int> >]	16	static
stl_tree.h:797:7:static std::_Rb_tree_node<_Val>* std::_Rb_tree<_Key, _Val, _KeyOfValue, _Compare, _Alloc>::_S_right(std::_Rb_tree<_Key, _Val, _KeyOfValue, _Compare, _Alloc>::_Base_ptr) [with _Key = std::__cxx11::basic_string<char>; _Val = std::pair<const std::__cxx11::basic_string<char>, int>; _KeyOfValue = std::_Select1st<std::pair<const std::__cxx11::basic_string<char>, int> >; _Compare = std::less<std::__cxx11::basic_string<char> >; _Alloc = std::allocator<std::pair<const std::__cxx11::basic_string<char>, int> >]	16	static
stl_tree.h:789:7:static std::_Rb_tree_node<_Val>* std::_Rb_tree<_Key, _Val, _KeyOfValue, _Compare, _Alloc>::_S_left(std::_Rb_tree<_Key, _Val, _KeyOfValue, _Compare, _Alloc>::_Base_ptr) [with _Key = std::__cxx11::basic_string<char>; _Val = std::pair<const std::__cxx11::basic_string<char>, int>; _KeyOfValue = std::_Select1st<std::pair<const std::__cxx11::basic_string<char>, int> >; _Compare = std::less<std::__cxx11::basic_string<char> >; _Alloc = std::allocator<std::pair<const std::__cxx11::basic_string<char>, int> >]	16	static
stl_tree.h:648:7:void std::_Rb_tree<_Key, _Val, _KeyOfValue, _Compare, _Alloc>::_M_drop_node(std::_Rb_tree<_Key, _Val, _KeyOfValue, _Compare, _Alloc>::_Link_type) [with _Key = std::__cxx11::basic_string<char>; _Val = std::pair<const std::__cxx11::basic_string<char>, int>; _KeyOfValue = std::_Select1st<std::pair<const std::__cxx11::basic_string<char>, int> >; _Compare = std::less<std::__cxx11::basic_string<char> >; _Alloc = std::allocator<std::pair<const std::__cxx11::basic_string<char>, int> >]	16	static
stl_tree.h:1281:7:std::_Rb_tree<_Key, _Val, _KeyOfValue, _Compare, _Alloc>::iterator std::_Rb_tree<_Key, _Val, _KeyOfValue, _Compare, _Alloc>::lower_bound(const key_type&) [with _Key = std::__cxx11::basic_string<char>; _Val = std::pair<const std::__cxx11::basic_string<char>, int>; _KeyOfValue = std::_Select1st<std::pair<const std::__cxx11::basic_string<char>, int> >; _Compare = std::less<std::__cxx11::basic_string<char> >; _Alloc = std::allocator<std::pair<const std::__cxx11::basic_string<char>, int> >]	24	static
stl_tree.h:1002:7:_Compare std::_Rb_tree<_Key, _Val, _KeyOfValue, _Compare, _Alloc>::key_comp() const [with _Key = std::__cxx11::basic_string<char>; _Val = std::pair<const std::__cxx11::basic_string<char>, int>; _KeyOfValue = std::_Select1st<std::pair<const std::__cxx11::basic_string<char>, int> >; _Compare = std::less<std::__cxx11::basic_string<char> >; _Alloc = std::allocator<std::pair<const std::__cxx11::basic_string<char>, int> >]	16	static
basic_string.h:6226:5:bool std::operator<(const std::__cxx11::basic_string<_CharT, _Traits, _Alloc>&, const std::__cxx11::basic_string<_CharT, _Traits, _Alloc>&) [with _CharT = char; _Traits = std::char_traits<char>; _Alloc = std::allocator<char>]	16	static
tuple:343:17:constexpr std::_Tuple_impl<_Idx, _Head>::_Tuple_impl(const _Head&) [with unsigned int _Idx = 0; _Head = const std::__cxx11::basic_string<char>&]	16	static
move.h:74:5:constexpr _Tp&& std::forward(typename std::remove_reference<_Tp>::type&) [with _Tp = const std::piecewise_construct_t&]	16	static
move.h:74:5:constexpr _Tp&& std::forward(typename std::remove_reference<_Tp>::type&) [with _Tp = std::tuple<const std::__cxx11::basic_string<char, std::char_traits<char>, std::allocator<char> >&>]	16	static
move.h:74:5:constexpr _Tp&& std::forward(typename std::remove_reference<_Tp>::type&) [with _Tp = std::tuple<>]	16	static
stl_tree.h:628:2:) [with _Args = {const std::piecewise_construct_t&, std::tuple<const std::__cxx11::basic_string<char, std::char_traits<char>, std::allocator<char> >&>, std::tuple<>}; _Key = std::__cxx11::basic_string<char>; _Val = std::pair<const std::__cxx11::basic_string<char>, int>; _KeyOfValue = std::_Select1st<std::pair<const std::__cxx11::basic_string<char>, int> >; _Compare = std::less<std::__cxx11::basic_string<char> >; _Alloc = std::allocator<std::pair<const std::__cxx11::basic_string<char>, int> >]	48	static
stl_tree.h:2187:5:std::pair<std::_Rb_tree_node_base*, std::_Rb_tree_node_base*> std::_Rb_tree<_Key, _Val, _KeyOfValue, _Compare, _Alloc>::_M_get_insert_hint_unique_pos(std::_Rb_tree<_Key, _Val, _KeyOfValue, _Compare, _Alloc>::const_iterator, const key_type&) [with _Key = std::__cxx11::basic_string<char>; _Val = std::pair<const std::__cxx11::basic_string<char>, int>; _KeyOfValue = std::_Select1st<std::pair<const std::__cxx11::basic_string<char>, int> >; _Compare = std::less<std::__cxx11::basic_string<char> >; _Alloc = std::allocator<std::pair<const std::__cxx11::basic_string<char>, int> >]	64	static
stl_tree.h:767:7:static const _Key& std::_Rb_tree<_Key, _Val, _KeyOfValue, _Compare, _Alloc>::_S_key(std::_Rb_tree<_Key, _Val, _KeyOfValue, _Compare, _Alloc>::_Const_Link_type) [with _Key = std::__cxx11::basic_string<char>; _Val = std::pair<const std::__cxx11::basic_string<char>, int>; _KeyOfValue = std::_Select1st<std::pair<const std::__cxx11::basic_string<char>, int> >; _Compare = std::less<std::__cxx11::basic_string<char> >; _Alloc = std::allocator<std::pair<const std::__cxx11::basic_string<char>, int> >]	24	static
stl_tree.h:2354:5:std::_Rb_tree<_Key, _Val, _KeyOfValue, _Compare, _Alloc>::iterator std::_Rb_tree<_Key, _Val, _KeyOfValue, _Compare, _Alloc>::_M_insert_node(std::_Rb_tree<_Key, _Val, _KeyOfValue, _Compare, _Alloc>::_Base_ptr, std::_Rb_tree<_Key, _Val, _KeyOfValue, _Compare, _Alloc>::_Base_ptr, std::_Rb_tree<_Key, _Val, _KeyOfValue, _Compare, _Alloc>::_Link_type) [with _Key = std::__cxx11::basic_string<char>; _Val = std::pair<const std::__cxx11::basic_string<char>, int>; _KeyOfValue = std::_Select1st<std::pair<const std::__cxx11::basic_string<char>, int> >; _Compare = std::less<std::__cxx11::basic_string<char> >; _Alloc = std::allocator<std::pair<const std::__cxx11::basic_string<char>, int> >]	40	static
stl_tree.h:273:7:std::_Rb_tree_iterator<_Tp>::_Rb_tree_iterator(std::_Rb_tree_iterator<_Tp>::_Base_ptr) [with _Tp = std::pair<const std::__cxx11::basic_string<char>, int>]	16	static
aligned_buffer.h:72:7:_Tp* __gnu_cxx::__aligned_membuf<_Tp>::_M_ptr() [with _Tp = std::pair<const std::__cxx11::basic_string<char>, int>]	16	static
move.h:74:5:constexpr _Tp&& std::forward(typename std::remove_reference<_Tp>::type&) [with _Tp = const std::__cxx11::basic_string<char>&]	16	static
new_allocator.h:144:2:) [with _Up = std::__cxx11::basic_string<char>; _Args = {const std::__cxx11::basic_string<char, std::char_traits<char>, std::allocator<char> >&}; _Tp = std::__cxx11::basic_string<char>]	32	static
stl_vector.h:1753:7:std::vector<_Tp, _Alloc>::size_type std::vector<_Tp, _Alloc>::_M_check_len(std::vector<_Tp, _Alloc>::size_type, const char*) const [with _Tp = std::__cxx11::basic_string<char>; _Alloc = std::allocator<std::__cxx11::basic_string<char> >]	40	static
stl_iterator.h:989:5:typename __gnu_cxx::__normal_iterator<_Iterator, _Container>::difference_type __gnu_cxx::operator-(const __gnu_cxx::__normal_iterator<_Iterator, _Container>&, const __gnu_cxx::__normal_iterator<_Iterator, _Container>&) [with _Iterator = std::__cxx11::basic_string<char>*; _Container = std::vector<std::__cxx11::basic_string<char> >]	24	static
stl_vector.h:340:7:std::_Vector_base<_Tp, _Alloc>::pointer std::_Vector_base<_Tp, _Alloc>::_M_allocate(std::size_t) [with _Tp = std::__cxx11::basic_string<char>; _Alloc = std::allocator<std::__cxx11::basic_string<char> >]	16	static
stl_vector.h:462:7:static std::vector<_Tp, _Alloc>::pointer std::vector<_Tp, _Alloc>::_S_relocate(std::vector<_Tp, _Alloc>::pointer, std::vector<_Tp, _Alloc>::pointer, std::vector<_Tp, _Alloc>::pointer, std::vector<_Tp, _Alloc>::_Tp_alloc_type&) [with _Tp = std::__cxx11::basic_string<char>; _Alloc = std::allocator<std::__cxx11::basic_string<char> >]	48	static
stl_uninitialized.h:323:5:_ForwardIterator std::__uninitialized_move_if_noexcept_a(_InputIterator, _InputIterator, _ForwardIterator, _Allocator&) [with _InputIterator = std::__cxx11::basic_string<char>*; _ForwardIterator = std::__cxx11::basic_string<char>*; _Allocator = std::allocator<std::__cxx11::basic_string<char> >]	32	static
alloc_traits.h:495:2:static void std::allocator_traits<std::allocator<_CharT> >::destroy(std::allocator_traits<std::allocator<_CharT> >::allocator_type&, _Up*) [with _Up = std::__cxx11::basic_string<char>; _Tp = std::__cxx11::basic_string<char>]	16	static
new_allocator.h:80:7:__gnu_cxx::new_allocator<_Tp>::new_allocator() [with _Tp = int]	16	static
alloc_traits.h:469:7:static void std::allocator_traits<std::allocator<_CharT> >::deallocate(std::allocator_traits<std::allocator<_CharT> >::allocator_type&, std::allocator_traits<std::allocator<_CharT> >::pointer, std::allocator_traits<std::allocator<_CharT> >::size_type) [with _Tp = int]	24	static
stl_construct.h:127:5:void std::_Destroy(_ForwardIterator, _ForwardIterator) [with _ForwardIterator = int*]	16	static
alloc_traits.h:469:7:static void std::allocator_traits<std::allocator<_CharT> >::deallocate(std::allocator_traits<std::allocator<_CharT> >::allocator_type&, std::allocator_traits<std::allocator<_CharT> >::pointer, std::allocator_traits<std::allocator<_CharT> >::size_type) [with _Tp = std::__cxx11::basic_string<char>]	24	static
stl_construct.h:127:5:void std::_Destroy(_ForwardIterator, _ForwardIterator) [with _ForwardIterator = std::__cxx11::basic_string<char>*]	16	static
new_allocator.h:80:7:__gnu_cxx::new_allocator<_Tp>::new_allocator() [with _Tp = std::vector<std::__cxx11::basic_string<char> >]	16	static
alloc_traits.h:469:7:static void std::allocator_traits<std::allocator<_CharT> >::deallocate(std::allocator_traits<std::allocator<_CharT> >::allocator_type&, std::allocator_traits<std::allocator<_CharT> >::pointer, std::allocator_traits<std::allocator<_CharT> >::size_type) [with _Tp = std::vector<std::__cxx11::basic_string<char> >]	24	static
stl_construct.h:127:5:void std::_Destroy(_ForwardIterator, _ForwardIterator) [with _ForwardIterator = std::vector<std::__cxx11::basic_string<char> >*]	16	static
new_allocator.h:80:7:__gnu_cxx::new_allocator<_Tp>::new_allocator() [with _Tp = Node]	16	static
alloc_traits.h:469:7:static void std::allocator_traits<std::allocator<_CharT> >::deallocate(std::allocator_traits<std::allocator<_CharT> >::allocator_type&, std::allocator_traits<std::allocator<_CharT> >::pointer, std::allocator_traits<std::allocator<_CharT> >::size_type) [with _Tp = Node]	24	static
stl_construct.h:127:5:void std::_Destroy(_ForwardIterator, _ForwardIterator) [with _ForwardIterator = Node*]	16	static
stl_vector.h:1789:7:void std::vector<_Tp, _Alloc>::_M_erase_at_end(std::vector<_Tp, _Alloc>::pointer) [with _Tp = std::__cxx11::basic_string<char>; _Alloc = std::allocator<std::__cxx11::basic_string<char> >]	32	static
alloc_traits.h:526:5:void std::__do_alloc_on_copy(_Alloc&, const _Alloc&, std::false_type) [with _Alloc = std::allocator<std::__cxx11::basic_string<char> >]	24	static
stl_iterator.h:806:7:__gnu_cxx::__normal_iterator<_Iterator, _Container>::__normal_iterator(const _Iterator&) [with _Iterator = const std::__cxx11::basic_string<char>*; _Container = std::vector<std::__cxx11::basic_string<char> >]	16	static
cpp_type_traits.h:428:5:_Iterator std::__miter_base(_Iterator) [with _Iterator = __gnu_cxx::__normal_iterator<const std::__cxx11::basic_string<char>*, std::vector<std::__cxx11::basic_string<char> > >]	16	static
stl_algobase.h:438:5:_OI std::__copy_move_a2(_II, _II, _OI) [with bool _IsMove = false; _II = __gnu_cxx::__normal_iterator<const std::__cxx11::basic_string<char>*, std::vector<std::__cxx11::basic_string<char> > >; _OI = __gnu_cxx::__normal_iterator<std::__cxx11::basic_string<char>*, std::vector<std::__cxx11::basic_string<char> > >]	32	static
stl_construct.h:127:5:void std::_Destroy(_ForwardIterator, _ForwardIterator) [with _ForwardIterator = __gnu_cxx::__normal_iterator<std::__cxx11::basic_string<char>*, std::vector<std::__cxx11::basic_string<char> > >]	16	static
cpp_type_traits.h:428:5:_Iterator std::__miter_base(_Iterator) [with _Iterator = std::__cxx11::basic_string<char>*]	16	static
stl_algobase.h:438:5:_OI std::__copy_move_a2(_II, _II, _OI) [with bool _IsMove = false; _II = std::__cxx11::basic_string<char>*; _OI = std::__cxx11::basic_string<char>*]	32	static
stl_uninitialized.h:115:5:_ForwardIterator std::uninitialized_copy(_InputIterator, _InputIterator, _ForwardIterator) [with _InputIterator = std::__cxx11::basic_string<char>*; _ForwardIterator = std::__cxx11::basic_string<char>*]	32	static
alloc_traits.h:526:5:void std::__do_alloc_on_copy(_Alloc&, const _Alloc&, std::false_type) [with _Alloc = std::allocator<std::vector<std::__cxx11::basic_string<char> > >]	24	static
stl_iterator.h:806:7:__gnu_cxx::__normal_iterator<_Iterator, _Container>::__normal_iterator(const _Iterator&) [with _Iterator = const std::vector<std::__cxx11::basic_string<char> >*; _Container = std::vector<std::vector<std::__cxx11::basic_string<char> > >]	16	static
stl_iterator.h:806:7:__gnu_cxx::__normal_iterator<_Iterator, _Container>::__normal_iterator(const _Iterator&) [with _Iterator = std::vector<std::__cxx11::basic_string<char> >*; _Container = std::vector<std::vector<std::__cxx11::basic_string<char> > >]	16	static
cpp_type_traits.h:428:5:_Iterator std::__miter_base(_Iterator) [with _Iterator = __gnu_cxx::__normal_iterator<const std::vector<std::__cxx11::basic_string<char> >*, std::vector<std::vector<std::__cxx11::basic_string<char> > > >]	16	static
[...]
stl_pair.h:341:12:constexpr std::pair<_T1, _T2>::pair(_U1&&, _U2&&) [with _U1 = std::_Rb_tree_node<std::pair<const std::__cxx11::basic_string<char>, std::vector<int> > >*&; _U2 = std::_Rb_tree_node_base*&; typename std::enable_if<(std::_PCC<true, _T1, _T2>::_MoveConstructiblePair<_U1, _U2>() && std::_PCC<true, _T1, _T2>::_ImplicitlyMoveConvertiblePair<_U1, _U2>()), bool>::type <anonymous> = true; _T1 = std::_Rb_tree_node_base*; _T2 = std::_Rb_tree_node_base*]	24	static
aligned_buffer.h:76:7:const _Tp* __gnu_cxx::__aligned_membuf<_Tp>::_M_ptr() const [with _Tp = std::pair<const std::__cxx11::basic_string<char>, std::vector<int> >]	16	static
stl_vector.h:1773:7:static std::vector<_Tp, _Alloc>::size_type std::vector<_Tp, _Alloc>::_S_max_size(const _Tp_alloc_type&) [with _Tp = int; _Alloc = std::allocator<int>]	24	static
new_allocator.h:102:7:_Tp* __gnu_cxx::new_allocator<_Tp>::allocate(__gnu_cxx::new_allocator<_Tp>::size_type, const void*) [with _Tp = int]	24	static
stl_uninitialized.h:958:5:_ForwardIterator std::__relocate_a(_InputIterator, _InputIterator, _ForwardIterator, _Allocator&) [with _InputIterator = int*; _ForwardIterator = int*; _Allocator = std::allocator<int>]	32	static
stl_iterator.h:1057:7:std::move_iterator<_Iterator>::move_iterator(std::move_iterator<_Iterator>::iterator_type) [with _Iterator = int*]	16	static
stl_uninitialized.h:115:5:_ForwardIterator std::uninitialized_copy(_InputIterator, _InputIterator, _ForwardIterator) [with _InputIterator = std::move_iterator<int*>; _ForwardIterator = int*]	32	static
stl_algobase.h:465:5:_OI std::copy(_II, _II, _OI) [with _II = __gnu_cxx::__normal_iterator<const int*, std::vector<int> >; _OI = int*]	32	static
stl_iterator.h:871:7:const _Iterator& __gnu_cxx::__normal_iterator<_Iterator, _Container>::base() const [with _Iterator = const int*; _Container = std::vector<int>]	16	static
stl_algobase.h:375:2:static _Tp* std::__copy_move<_IsMove, true, std::random_access_iterator_tag>::__copy_m(const _Tp*, const _Tp*, _Tp*) [with _Tp = int; bool _IsMove = false]	32	static
stl_iterator.h:859:7:__gnu_cxx::__normal_iterator<_Iterator, _Container> __gnu_cxx::__normal_iterator<_Iterator, _Container>::operator+(__gnu_cxx::__normal_iterator<_Iterator, _Container>::difference_type) const [with _Iterator = int*; _Container = std::vector<int>]	24	static
alloc_traits.h:505:7:static std::allocator_traits<std::allocator<_CharT> >::size_type std::allocator_traits<std::allocator<_CharT> >::max_size(const allocator_type&) [with _Tp = std::__cxx11::basic_string<char>]	16	static
stl_algobase.h:280:5:_Iterator std::__niter_base(_Iterator) [with _Iterator = const std::__cxx11::basic_string<char>*]	16	static
stl_uninitialized.h:76:9:static _ForwardIterator std::__uninitialized_copy<_TrivialValueTypes>::__uninit_copy(_InputIterator, _InputIterator, _ForwardIterator) [with _InputIterator = const std::__cxx11::basic_string<char>*; _ForwardIterator = std::__cxx11::basic_string<char>*; bool _TrivialValueTypes = false]	32	static
stl_algobase.h:280:5:_Iterator std::__niter_base(_Iterator) [with _Iterator = const std::vector<std::__cxx11::basic_string<char> >*]	16	static
stl_uninitialized.h:76:9:static _ForwardIterator std::__uninitialized_copy<_TrivialValueTypes>::__uninit_copy(_InputIterator, _InputIterator, _ForwardIterator) [with _InputIterator = const std::vector<std::__cxx11::basic_string<char> >*; _ForwardIterator = std::vector<std::__cxx11::basic_string<char> >*; bool _TrivialValueTypes = false]	32	static
move.h:47:5:constexpr _Tp* std::__addressof(_Tp&) [with _Tp = Table]	16	static
stl_construct.h:97:5:void std::_Destroy(_Tp*) [with _Tp = Table]	16	static
move.h:99:5:constexpr typename std::remove_reference<_Tp>::type&& std::move(_Tp&&) [with _Tp = std::allocator<std::__cxx11::basic_string<char> >&]	16	static
move.h:99:5:constexpr typename std::remove_reference<_Tp>::type&& std::move(_Tp&&) [with _Tp = std::allocator<std::vector<std::__cxx11::basic_string<char> > >&]	16	static
new_allocator.h:132:7:__gnu_cxx::new_allocator<_Tp>::size_type __gnu_cxx::new_allocator<_Tp>::max_size() const [with _Tp = std::vector<std::__cxx11::basic_string<char> >]	16	static
stl_construct.h:74:5:) [with _T1 = std::vector<std::__cxx11::basic_string<char> >; _Args = {}]	16	static
stl_uninitialized.h:936:5:_ForwardIterator std::__relocate_a_1(_InputIterator, _InputIterator, _ForwardIterator, _Allocator&) [with _InputIterator = std::vector<std::__cxx11::basic_string<char> >*; _ForwardIterator = std::vector<std::__cxx11::basic_string<char> >*; _Allocator = std::allocator<std::vector<std::__cxx11::basic_string<char> > >]	40	static
stl_uninitialized.h:76:9:static _ForwardIterator std::__uninitialized_copy<_TrivialValueTypes>::__uninit_copy(_InputIterator, _InputIterator, _ForwardIterator) [with _InputIterator = std::move_iterator<std::vector<std::__cxx11::basic_string<char> >*>; _ForwardIterator = std::vector<std::__cxx11::basic_string<char> >*; bool _TrivialValueTypes = false]	40	static
stl_pair.h:208:12:std::pair<const std::__cxx11::basic_string<char>, int>::~pair()	16	static
new_allocator.h:151:2:void __gnu_cxx::new_allocator<_Tp>::destroy(_Up*) [with _Up = std::pair<const std::__cxx11::basic_string<char>, int>; _Tp = std::_Rb_tree_node<std::pair<const std::__cxx11::basic_string<char>, int> >]	16	static
new_allocator.h:119:7:void __gnu_cxx::new_allocator<_Tp>::deallocate(__gnu_cxx::new_allocator<_Tp>::pointer, __gnu_cxx::new_allocator<_Tp>::size_type) [with _Tp = std::_Rb_tree_node<std::pair<const std::__cxx11::basic_string<char>, int> >]	24	static
new_allocator.h:102:7:_Tp* __gnu_cxx::new_allocator<_Tp>::allocate(__gnu_cxx::new_allocator<_Tp>::size_type, const void*) [with _Tp = std::_Rb_tree_node<std::pair<const std::__cxx11::basic_string<char>, int> >]	24	static
tuple:642:17:constexpr std::tuple<_Elements>::tuple(std::tuple<_Elements>&&) [with _Elements = {const std::__cxx11::basic_string<char, std::char_traits<char>, std::allocator<char> >&}]	16	static
new_allocator.h:144:2:) [with _Up = std::pair<const std::__cxx11::basic_string<char>, int>; _Args = {const std::piecewise_construct_t&, std::tuple<const std::__cxx11::basic_string<char, std::char_traits<char>, std::allocator<char> >&>, std::tuple<>}; _Tp = std::_Rb_tree_node<std::pair<const std::__cxx11::basic_string<char>, int> >]	48	static
move.h:74:5:constexpr _Tp&& std::forward(typename std::remove_reference<_Tp>::type&) [with _Tp = std::_Rb_tree_node<std::pair<const std::__cxx11::basic_string<char>, int> >*&]	16	static
aligned_buffer.h:68:7:const void* __gnu_cxx::__aligned_membuf<_Tp>::_M_addr() const [with _Tp = std::pair<const std::__cxx11::basic_string<char>, int>]	16	static
new_allocator.h:132:7:__gnu_cxx::new_allocator<_Tp>::size_type __gnu_cxx::new_allocator<_Tp>::max_size() const [with _Tp = std::__cxx11::basic_string<char>]	16	static
stl_uninitialized.h:936:5:_ForwardIterator std::__relocate_a_1(_InputIterator, _InputIterator, _ForwardIterator, _Allocator&) [with _InputIterator = std::__cxx11::basic_string<char>*; _ForwardIterator = std::__cxx11::basic_string<char>*; _Allocator = std::allocator<std::__cxx11::basic_string<char> >]	40	static
stl_uninitialized.h:76:9:static _ForwardIterator std::__uninitialized_copy<_TrivialValueTypes>::__uninit_copy(_InputIterator, _InputIterator, _ForwardIterator) [with _InputIterator = std::move_iterator<std::__cxx11::basic_string<char>*>; _ForwardIterator = std::__cxx11::basic_string<char>*; bool _TrivialValueTypes = false]	40	static
move.h:74:5:constexpr _Tp&& std::forward(typename std::remove_reference<_Tp>::type&) [with _Tp = std::vector<std::__cxx11::basic_string<char> >&]	16	static
alloc_traits.h:505:7:static std::allocator_traits<std::allocator<_CharT> >::size_type std::allocator_traits<std::allocator<_CharT> >::max_size(const allocator_type&) [with _Tp = Node]	16	static
new_allocator.h:132:7:__gnu_cxx::new_allocator<_Tp>::size_type __gnu_cxx::new_allocator<_Tp>::max_size() const [with _Tp = Node]	16	static
stl_algobase.h:280:5:_Iterator std::__niter_base(_Iterator) [with _Iterator = Node*]	16	static
stl_uninitialized.h:936:5:_ForwardIterator std::__relocate_a_1(_InputIterator, _InputIterator, _ForwardIterator, _Allocator&) [with _InputIterator = Node*; _ForwardIterator = Node*; _Allocator = std::allocator<Node>]	40	static
stl_uninitialized.h:76:9:static _ForwardIterator std::__uninitialized_copy<_TrivialValueTypes>::__uninit_copy(_InputIterator, _InputIterator, _ForwardIterator) [with _InputIterator = std::move_iterator<Node*>; _ForwardIterator = Node*; bool _TrivialValueTypes = false]	40	static
stl_pair.h:208:12:std::pair<const std::__cxx11::basic_string<char>, std::vector<int> >::~pair()	16	static
new_allocator.h:151:2:void __gnu_cxx::new_allocator<_Tp>::destroy(_Up*) [with _Up = std::pair<const std::__cxx11::basic_string<char>, std::vector<int> >; _Tp = std::_Rb_tree_node<std::pair<const std::__cxx11::basic_string<char>, std::vector<int> > >]	16	static
new_allocator.h:119:7:void __gnu_cxx::new_allocator<_Tp>::deallocate(__gnu_cxx::new_allocator<_Tp>::pointer, __gnu_cxx::new_allocator<_Tp>::size_type) [with _Tp = std::_Rb_tree_node<std::pair<const std::__cxx11::basic_string<char>, std::vector<int> > >]	24	static
new_allocator.h:102:7:_Tp* __gnu_cxx::new_allocator<_Tp>::allocate(__gnu_cxx::new_allocator<_Tp>::size_type, const void*) [with _Tp = std::_Rb_tree_node<std::pair<const std::__cxx11::basic_string<char>, std::vector<int> > >]	24	static
new_allocator.h:144:2:) [with _Up = std::pair<const std::__cxx11::basic_string<char>, std::vector<int> >; _Args = {const std::piecewise_construct_t&, std::tuple<const std::__cxx11::basic_string<char, std::char_traits<char>, std::allocator<char> >&>, std::tuple<>}; _Tp = std::_Rb_tree_node<std::pair<const std::__cxx11::basic_string<char>, std::vector<int> > >]	48	static
move.h:74:5:constexpr _Tp&& std::forward(typename std::remove_reference<_Tp>::type&) [with _Tp = std::_Rb_tree_node<std::pair<const std::__cxx11::basic_string<char>, std::vector<int> > >*&]	16	static
aligned_buffer.h:68:7:const void* __gnu_cxx::__aligned_membuf<_Tp>::_M_addr() const [with _Tp = std::pair<const std::__cxx11::basic_string<char>, std::vector<int> >]	16	static
alloc_traits.h:505:7:static std::allocator_traits<std::allocator<_CharT> >::size_type std::allocator_traits<std::allocator<_CharT> >::max_size(const allocator_type&) [with _Tp = int]	16	static
new_allocator.h:132:7:__gnu_cxx::new_allocator<_Tp>::size_type __gnu_cxx::new_allocator<_Tp>::max_size() const [with _Tp = int]	16	static
stl_uninitialized.h:924:5:std::__enable_if_t<std::__is_bitwise_relocatable<_Tp>::value, _Tp*> std::__relocate_a_1(_Tp*, _Tp*, _Tp*, std::allocator<_T2>&) [with _Tp = int; _Up = int]	32	static
stl_uninitialized.h:99:9:static _ForwardIterator std::__uninitialized_copy<true>::__uninit_copy(_InputIterator, _InputIterator, _ForwardIterator) [with _InputIterator = std::move_iterator<int*>; _ForwardIterator = int*]	24	static
stl_algobase.h:438:5:_OI std::__copy_move_a2(_II, _II, _OI) [with bool _IsMove = false; _II = __gnu_cxx::__normal_iterator<const int*, std::vector<int> >; _OI = int*]	32	static
stl_uninitialized.h:905:5:void std::__relocate_object_a(_Tp*, _Up*, _Allocator&) [with _Tp = std::vector<std::__cxx11::basic_string<char> >; _Up = std::vector<std::__cxx11::basic_string<char> >; _Allocator = std::allocator<std::vector<std::__cxx11::basic_string<char> > >]	24	static
stl_iterator.h:1157:5:bool std::operator!=(const std::move_iterator<_IteratorL>&, const std::move_iterator<_IteratorL>&) [with _Iterator = std::vector<std::__cxx11::basic_string<char> >*]	16	static
stl_iterator.h:1078:7:std::move_iterator<_Iterator>& std::move_iterator<_Iterator>::operator++() [with _Iterator = std::vector<std::__cxx11::basic_string<char> >*]	16	static
stl_iterator.h:1070:7:std::move_iterator<_Iterator>::reference std::move_iterator<_Iterator>::operator*() const [with _Iterator = std::vector<std::__cxx11::basic_string<char> >*]	16	static
stl_construct.h:74:5:) [with _T1 = std::vector<std::__cxx11::basic_string<char> >; _Args = {std::vector<std::__cxx11::basic_string<char, std::char_traits<char>, std::allocator<char> >, std::allocator<std::__cxx11::basic_string<char, std::char_traits<char>, std::allocator<char> > > >}]	24	static
new_allocator.h:132:7:__gnu_cxx::new_allocator<_Tp>::size_type __gnu_cxx::new_allocator<_Tp>::max_size() const [with _Tp = std::_Rb_tree_node<std::pair<const std::__cxx11::basic_string<char>, int> >]	16	static
tuple:358:7:constexpr std::_Tuple_impl<_Idx, _Head>::_Tuple_impl(std::_Tuple_impl<_Idx, _Head>&&) [with unsigned int _Idx = 0; _Head = const std::__cxx11::basic_string<char>&]	24	static
tuple:1658:7:>) [with _Args1 = {const std::__cxx11::basic_string<char, std::char_traits<char>, std::allocator<char> >&}; _Args2 = {}; _T1 = const std::__cxx11::basic_string<char>; _T2 = int]	48	static
stl_uninitialized.h:905:5:void std::__relocate_object_a(_Tp*, _Up*, _Allocator&) [with _Tp = std::__cxx11::basic_string<char>; _Up = std::__cxx11::basic_string<char>; _Allocator = std::allocator<std::__cxx11::basic_string<char> >]	24	static
stl_iterator.h:1157:5:bool std::operator!=(const std::move_iterator<_IteratorL>&, const std::move_iterator<_IteratorL>&) [with _Iterator = std::__cxx11::basic_string<char>*]	16	static
stl_iterator.h:1078:7:std::move_iterator<_Iterator>& std::move_iterator<_Iterator>::operator++() [with _Iterator = std::__cxx11::basic_string<char>*]	16	static
stl_iterator.h:1070:7:std::move_iterator<_Iterator>::reference std::move_iterator<_Iterator>::operator*() const [with _Iterator = std::__cxx11::basic_string<char>*]	16	static
stl_construct.h:74:5:) [with _T1 = std::__cxx11::basic_string<char>; _Args = {std::__cxx11::basic_string<char, std::char_traits<char>, std::allocator<char> >}]	24	static
stl_uninitialized.h:905:5:void std::__relocate_object_a(_Tp*, _Up*, _Allocator&) [with _Tp = Node; _Up = Node; _Allocator = std::allocator<Node>]	24	static
stl_iterator.h:1157:5:bool std::operator!=(const std::move_iterator<_IteratorL>&, const std::move_iterator<_IteratorL>&) [with _Iterator = Node*]	16	static
stl_iterator.h:1078:7:std::move_iterator<_Iterator>& std::move_iterator<_Iterator>::operator++() [with _Iterator = Node*]	16	static
stl_iterator.h:1070:7:std::move_iterator<_Iterator>::reference std::move_iterator<_Iterator>::operator*() const [with _Iterator = Node*]	16	static
stl_vector.h:305:7:std::_Vector_base<_Tp, _Alloc>::_Vector_base(std::_Vector_base<_Tp, _Alloc>&&) [with _Tp = int; _Alloc = std::allocator<int>]	16	static
stl_vector.h:569:7:std::vector<_Tp, _Alloc>::vector(std::vector<_Tp, _Alloc>&&) [with _Tp = int; _Alloc = std::allocator<int>]	16	static
decisiontree.cpp:30:7:Node::Node(Node&&)	16	static
stl_construct.h:74:5:) [with _T1 = Node; _Args = {Node}]	24	static
new_allocator.h:132:7:__gnu_cxx::new_allocator<_Tp>::size_type __gnu_cxx::new_allocator<_Tp>::max_size() const [with _Tp = std::_Rb_tree_node<std::pair<const std::__cxx11::basic_string<char>, std::vector<int> > >]	16	static
tuple:1658:7:>) [with _Args1 = {const std::__cxx11::basic_string<char, std::char_traits<char>, std::allocator<char> >&}; _Args2 = {}; _T1 = const std::__cxx11::basic_string<char>; _T2 = std::vector<int>]	48	static
stl_algobase.h:465:5:_OI std::copy(_II, _II, _OI) [with _II = std::move_iterator<int*>; _OI = int*]	32	static
alloc_traits.h:482:2:) [with _Up = std::vector<std::__cxx11::basic_string<char> >; _Args = {std::vector<std::__cxx11::basic_string<char, std::char_traits<char>, std::allocator<char> >, std::allocator<std::__cxx11::basic_string<char, std::char_traits<char>, std::allocator<char> > > >}; _Tp = std::vector<std::__cxx11::basic_string<char> >]	24	static
stl_iterator.h:1145:5:bool std::operator==(const std::move_iterator<_IteratorL>&, const std::move_iterator<_IteratorL>&) [with _Iterator = std::vector<std::__cxx11::basic_string<char> >*]	24	static
move.h:74:5:constexpr _Tp&& std::forward(typename std::remove_reference<_Tp>::type&) [with _Tp = std::vector<std::__cxx11::basic_string<char> >]	16	static
tuple:334:7:static constexpr _Head& std::_Tuple_impl<_Idx, _Head>::_M_head(std::_Tuple_impl<_Idx, _Head>&) [with unsigned int _Idx = 0; _Head = const std::__cxx11::basic_string<char>&]	16	static
tuple:1670:7:_Indexes2 = {}; _T1 = const std::__cxx11::basic_string<char>; _T2 = int]	32	static
stl_iterator.h:1145:5:bool std::operator==(const std::move_iterator<_IteratorL>&, const std::move_iterator<_IteratorL>&) [with _Iterator = std::__cxx11::basic_string<char>*]	24	static
move.h:99:5:constexpr typename std::remove_reference<_Tp>::type&& std::move(_Tp&&) [with _Tp = Node&]	16	static
alloc_traits.h:482:2:) [with _Up = Node; _Args = {Node}; _Tp = Node]	24	static
stl_iterator.h:1145:5:bool std::operator==(const std::move_iterator<_IteratorL>&, const std::move_iterator<_IteratorL>&) [with _Iterator = Node*]	24	static
move.h:74:5:constexpr _Tp&& std::forward(typename std::remove_reference<_Tp>::type&) [with _Tp = Node]	16	static
stl_vector.h:140:2:std::_Vector_base<_Tp, _Alloc>::_Vector_impl::_Vector_impl(std::_Vector_base<_Tp, _Alloc>::_Vector_impl&&) [with _Tp = int; _Alloc = std::allocator<int>]	24	static
tuple:1670:7:_Indexes2 = {}; _T1 = const std::__cxx11::basic_string<char>; _T2 = std::vector<int>]	32	static
stl_iterator.h:1262:5:base())) std::__miter_base(std::move_iterator<_IteratorL>) [with _Iterator = int*]	16	static
stl_algobase.h:438:5:_OI std::__copy_move_a2(_II, _II, _OI) [with bool _IsMove = true; _II = int*; _OI = int*]	32	static
new_allocator.h:144:2:) [with _Up = std::vector<std::__cxx11::basic_string<char> >; _Args = {std::vector<std::__cxx11::basic_string<char, std::char_traits<char>, std::allocator<char> >, std::allocator<std::__cxx11::basic_string<char, std::char_traits<char>, std::allocator<char> > > >}; _Tp = std::vector<std::__cxx11::basic_string<char> >]	32	static
stl_iterator.h:1066:7:std::move_iterator<_Iterator>::iterator_type std::move_iterator<_Iterator>::base() const [with _Iterator = std::vector<std::__cxx11::basic_string<char> >*]	16	static
tuple:160:7:static constexpr _Head& std::_Head_base<_Idx, _Head, false>::_M_head(std::_Head_base<_Idx, _Head, false>&) [with unsigned int _Idx = 0; _Head = const std::__cxx11::basic_string<char>&]	16	static
tuple:1320:5:>&) [with unsigned int __i = 0; _Elements = {const std::__cxx11::basic_string<char, std::char_traits<char>, std::allocator<char> >&}]	16	static
stl_iterator.h:1066:7:std::move_iterator<_Iterator>::iterator_type std::move_iterator<_Iterator>::base() const [with _Iterator = std::__cxx11::basic_string<char>*]	16	static
new_allocator.h:144:2:) [with _Up = Node; _Args = {Node}; _Tp = Node]	32	static
stl_iterator.h:1066:7:std::move_iterator<_Iterator>::iterator_type std::move_iterator<_Iterator>::base() const [with _Iterator = Node*]	16	static
move.h:99:5:constexpr typename std::remove_reference<_Tp>::type&& std::move(_Tp&&) [with _Tp = std::_Vector_base<int, std::allocator<int> >::_Vector_impl&]	16	static
stl_vector.h:99:2:std::_Vector_base<_Tp, _Alloc>::_Vector_impl_data::_Vector_impl_data(std::_Vector_base<_Tp, _Alloc>::_Vector_impl_data&&) [with _Tp = int; _Alloc = std::allocator<int>]	16	static
stl_iterator.h:1066:7:std::move_iterator<_Iterator>::iterator_type std::move_iterator<_Iterator>::base() const [with _Iterator = int*]	16	static
stl_algobase.h:393:5:_OI std::__copy_move_a(_II, _II, _OI) [with bool _IsMove = true; _II = int*; _OI = int*]	32	static
tuple:1309:5:>&) [with unsigned int __i = 0; _Head = const std::__cxx11::basic_string<char>&; _Tail = {}]	16	static
stl_algobase.h:375:2:static _Tp* std::__copy_move<_IsMove, true, std::random_access_iterator_tag>::__copy_m(const _Tp*, const _Tp*, _Tp*) [with _Tp = int; bool _IsMove = true]	32	static
main3.cpp:689:1:void __static_initialization_and_destruction_0(int, int)	16	static
main3.cpp:689:1:cpp)	8	static
main3.cpp:689:1:cpp)	8	static
